[2025-11-10T11:46:45.796+0900][gc,init] CardTable entry size: 512
[2025-11-10T11:46:45.796+0900][gc     ] Using G1
[2025-11-10T11:46:45.798+0900][gc,init] Version: 21.0.7 (release)
[2025-11-10T11:46:45.798+0900][gc,init] CPUs: 8 total, 8 available
[2025-11-10T11:46:45.798+0900][gc,init] Memory: 16384M
[2025-11-10T11:46:45.798+0900][gc,init] Large Page Support: Disabled
[2025-11-10T11:46:45.798+0900][gc,init] NUMA Support: Disabled
[2025-11-10T11:46:45.798+0900][gc,init] Compressed Oops: Enabled (Zero based)
[2025-11-10T11:46:45.798+0900][gc,init] Heap Region Size: 1M
[2025-11-10T11:46:45.798+0900][gc,init] Heap Min Capacity: 1G
[2025-11-10T11:46:45.798+0900][gc,init] Heap Initial Capacity: 1G
[2025-11-10T11:46:45.798+0900][gc,init] Heap Max Capacity: 1G
[2025-11-10T11:46:45.798+0900][gc,init] Pre-touch: Disabled
[2025-11-10T11:46:45.798+0900][gc,init] Parallel Workers: 8
[2025-11-10T11:46:45.798+0900][gc,init] Concurrent Workers: 2
[2025-11-10T11:46:45.798+0900][gc,init] Concurrent Refinement Workers: 8
[2025-11-10T11:46:45.798+0900][gc,init] Periodic GC: Disabled
[2025-11-10T11:46:45.801+0900][gc,metaspace] CDS archive(s) mapped at: [0x000000e800000000-0x000000e800c90000-0x000000e800c90000), size 13172736, SharedBaseAddress: 0x000000e800000000, ArchiveRelocationMode: 1.
[2025-11-10T11:46:45.801+0900][gc,metaspace] Compressed class space mapped at: 0x000000e801000000-0x000000e841000000, reserved size: 1073741824
[2025-11-10T11:46:45.801+0900][gc,metaspace] Narrow klass base: 0x000000e800000000, Narrow klass shift: 0, Narrow klass range: 0x100000000
[2025-11-10T11:46:46.330+0900][gc,start    ] GC(0) Pause Young (Normal) (G1 Evacuation Pause)
[2025-11-10T11:46:46.330+0900][gc,task     ] GC(0) Using 8 workers of 8 for evacuation
[2025-11-10T11:46:46.333+0900][gc,phases   ] GC(0)   Pre Evacuate Collection Set: 0.1ms
[2025-11-10T11:46:46.333+0900][gc,phases   ] GC(0)   Merge Heap Roots: 0.0ms
[2025-11-10T11:46:46.333+0900][gc,phases   ] GC(0)   Evacuate Collection Set: 1.8ms
[2025-11-10T11:46:46.333+0900][gc,phases   ] GC(0)   Post Evacuate Collection Set: 0.2ms
[2025-11-10T11:46:46.333+0900][gc,phases   ] GC(0)   Other: 0.2ms
[2025-11-10T11:46:46.333+0900][gc,heap     ] GC(0) Eden regions: 51->0(44)
[2025-11-10T11:46:46.333+0900][gc,heap     ] GC(0) Survivor regions: 0->7(7)
[2025-11-10T11:46:46.333+0900][gc,heap     ] GC(0) Old regions: 2->3
[2025-11-10T11:46:46.333+0900][gc,heap     ] GC(0) Humongous regions: 0->0
[2025-11-10T11:46:46.333+0900][gc,metaspace] GC(0) Metaspace: 14023K(14272K)->14023K(14272K) NonClass: 12489K(12608K)->12489K(12608K) Class: 1533K(1664K)->1533K(1664K)
[2025-11-10T11:46:46.333+0900][gc          ] GC(0) Pause Young (Normal) (G1 Evacuation Pause) 52M->8M(1024M) 2.467ms
[2025-11-10T11:46:46.333+0900][gc,cpu      ] GC(0) User=0.01s Sys=0.00s Real=0.00s
[2025-11-10T11:46:46.536+0900][gc,start    ] GC(1) Pause Young (Concurrent Start) (Metadata GC Threshold)
[2025-11-10T11:46:46.536+0900][gc,task     ] GC(1) Using 8 workers of 8 for evacuation
[2025-11-10T11:46:46.538+0900][gc,phases   ] GC(1)   Pre Evacuate Collection Set: 0.2ms
[2025-11-10T11:46:46.538+0900][gc,phases   ] GC(1)   Merge Heap Roots: 0.0ms
[2025-11-10T11:46:46.538+0900][gc,phases   ] GC(1)   Evacuate Collection Set: 1.9ms
[2025-11-10T11:46:46.538+0900][gc,phases   ] GC(1)   Post Evacuate Collection Set: 0.3ms
[2025-11-10T11:46:46.538+0900][gc,phases   ] GC(1)   Other: 0.0ms
[2025-11-10T11:46:46.538+0900][gc,heap     ] GC(1) Eden regions: 23->0(49)
[2025-11-10T11:46:46.538+0900][gc,heap     ] GC(1) Survivor regions: 7->2(7)
[2025-11-10T11:46:46.538+0900][gc,heap     ] GC(1) Old regions: 3->10
[2025-11-10T11:46:46.538+0900][gc,heap     ] GC(1) Humongous regions: 0->0
[2025-11-10T11:46:46.538+0900][gc,metaspace] GC(1) Metaspace: 21265K(21504K)->21265K(21504K) NonClass: 18709K(18816K)->18709K(18816K) Class: 2555K(2688K)->2555K(2688K)
[2025-11-10T11:46:46.538+0900][gc          ] GC(1) Pause Young (Concurrent Start) (Metadata GC Threshold) 31M->10M(1024M) 2.502ms
[2025-11-10T11:46:46.538+0900][gc,cpu      ] GC(1) User=0.01s Sys=0.01s Real=0.00s
[2025-11-10T11:46:46.538+0900][gc          ] GC(2) Concurrent Mark Cycle
[2025-11-10T11:46:46.538+0900][gc,marking  ] GC(2) Concurrent Scan Root Regions
[2025-11-10T11:46:46.540+0900][gc,marking  ] GC(2) Concurrent Scan Root Regions 1.685ms
[2025-11-10T11:46:46.540+0900][gc,marking  ] GC(2) Concurrent Mark
[2025-11-10T11:46:46.540+0900][gc,marking  ] GC(2) Concurrent Mark From Roots
[2025-11-10T11:46:46.540+0900][gc,task     ] GC(2) Using 2 workers of 2 for marking
[2025-11-10T11:46:46.541+0900][gc,marking  ] GC(2) Concurrent Mark From Roots 0.802ms
[2025-11-10T11:46:46.541+0900][gc,marking  ] GC(2) Concurrent Preclean
[2025-11-10T11:46:46.541+0900][gc,marking  ] GC(2) Concurrent Preclean 0.006ms
[2025-11-10T11:46:46.541+0900][gc,start    ] GC(2) Pause Remark
[2025-11-10T11:46:46.542+0900][gc          ] GC(2) Pause Remark 11M->11M(1024M) 1.001ms
[2025-11-10T11:46:46.542+0900][gc,cpu      ] GC(2) User=0.00s Sys=0.00s Real=0.00s
[2025-11-10T11:46:46.542+0900][gc,marking  ] GC(2) Concurrent Mark 1.882ms
[2025-11-10T11:46:46.542+0900][gc,marking  ] GC(2) Concurrent Rebuild Remembered Sets and Scrub Regions
[2025-11-10T11:46:46.543+0900][gc,marking  ] GC(2) Concurrent Rebuild Remembered Sets and Scrub Regions 1.377ms
[2025-11-10T11:46:46.543+0900][gc,start    ] GC(2) Pause Cleanup
[2025-11-10T11:46:46.543+0900][gc          ] GC(2) Pause Cleanup 11M->11M(1024M) 0.078ms
[2025-11-10T11:46:46.543+0900][gc,cpu      ] GC(2) User=0.00s Sys=0.00s Real=0.00s
[2025-11-10T11:46:46.543+0900][gc,marking  ] GC(2) Concurrent Clear Claimed Marks
[2025-11-10T11:46:46.543+0900][gc,marking  ] GC(2) Concurrent Clear Claimed Marks 0.007ms
[2025-11-10T11:46:46.543+0900][gc,marking  ] GC(2) Concurrent Cleanup for Next Mark
[2025-11-10T11:46:46.545+0900][gc,marking  ] GC(2) Concurrent Cleanup for Next Mark 1.688ms
[2025-11-10T11:46:46.545+0900][gc          ] GC(2) Concurrent Mark Cycle 6.869ms
[2025-11-10T11:46:46.847+0900][gc,start    ] GC(3) Pause Young (Prepare Mixed) (G1 Evacuation Pause)
[2025-11-10T11:46:46.847+0900][gc,task     ] GC(3) Using 8 workers of 8 for evacuation
[2025-11-10T11:46:46.849+0900][gc,phases   ] GC(3)   Pre Evacuate Collection Set: 0.1ms
[2025-11-10T11:46:46.849+0900][gc,phases   ] GC(3)   Merge Heap Roots: 0.0ms
[2025-11-10T11:46:46.849+0900][gc,phases   ] GC(3)   Evacuate Collection Set: 1.7ms
[2025-11-10T11:46:46.849+0900][gc,phases   ] GC(3)   Post Evacuate Collection Set: 0.2ms
[2025-11-10T11:46:46.849+0900][gc,phases   ] GC(3)   Other: 0.0ms
[2025-11-10T11:46:46.849+0900][gc,heap     ] GC(3) Eden regions: 49->0(44)
[2025-11-10T11:46:46.849+0900][gc,heap     ] GC(3) Survivor regions: 2->7(7)
[2025-11-10T11:46:46.849+0900][gc,heap     ] GC(3) Old regions: 10->10
[2025-11-10T11:46:46.849+0900][gc,heap     ] GC(3) Humongous regions: 9->9
[2025-11-10T11:46:46.849+0900][gc,metaspace] GC(3) Metaspace: 33714K(34240K)->33714K(34240K) NonClass: 29851K(30144K)->29851K(30144K) Class: 3863K(4096K)->3863K(4096K)
[2025-11-10T11:46:46.849+0900][gc          ] GC(3) Pause Young (Prepare Mixed) (G1 Evacuation Pause) 68M->24M(1024M) 2.206ms
[2025-11-10T11:46:46.849+0900][gc,cpu      ] GC(3) User=0.01s Sys=0.00s Real=0.00s
[2025-11-10T11:46:46.881+0900][gc,start    ] GC(4) Pause Young (Mixed) (Metadata GC Threshold)
[2025-11-10T11:46:46.881+0900][gc,task     ] GC(4) Using 8 workers of 8 for evacuation
[2025-11-10T11:46:46.883+0900][gc,phases   ] GC(4)   Pre Evacuate Collection Set: 0.1ms
[2025-11-10T11:46:46.883+0900][gc,phases   ] GC(4)   Merge Heap Roots: 0.0ms
[2025-11-10T11:46:46.883+0900][gc,phases   ] GC(4)   Evacuate Collection Set: 2.1ms
[2025-11-10T11:46:46.883+0900][gc,phases   ] GC(4)   Post Evacuate Collection Set: 0.2ms
[2025-11-10T11:46:46.883+0900][gc,phases   ] GC(4)   Other: 0.0ms
[2025-11-10T11:46:46.883+0900][gc,heap     ] GC(4) Eden regions: 9->0(49)
[2025-11-10T11:46:46.883+0900][gc,heap     ] GC(4) Survivor regions: 7->2(7)
[2025-11-10T11:46:46.883+0900][gc,heap     ] GC(4) Old regions: 10->16
[2025-11-10T11:46:46.883+0900][gc,heap     ] GC(4) Humongous regions: 9->9
[2025-11-10T11:46:46.883+0900][gc,metaspace] GC(4) Metaspace: 35509K(36096K)->35509K(36096K) NonClass: 31446K(31808K)->31446K(31808K) Class: 4063K(4288K)->4063K(4288K)
[2025-11-10T11:46:46.883+0900][gc          ] GC(4) Pause Young (Mixed) (Metadata GC Threshold) 32M->25M(1024M) 2.464ms
[2025-11-10T11:46:46.883+0900][gc,cpu      ] GC(4) User=0.01s Sys=0.00s Real=0.00s
[2025-11-10T11:46:46.889+0900][gc,start    ] GC(5) Pause Young (Concurrent Start) (Metadata GC Threshold)
[2025-11-10T11:46:46.889+0900][gc,task     ] GC(5) Using 8 workers of 8 for evacuation
[2025-11-10T11:46:46.890+0900][gc,phases   ] GC(5)   Pre Evacuate Collection Set: 0.1ms
[2025-11-10T11:46:46.890+0900][gc,phases   ] GC(5)   Merge Heap Roots: 0.0ms
[2025-11-10T11:46:46.890+0900][gc,phases   ] GC(5)   Evacuate Collection Set: 0.6ms
[2025-11-10T11:46:46.890+0900][gc,phases   ] GC(5)   Post Evacuate Collection Set: 0.1ms
[2025-11-10T11:46:46.890+0900][gc,phases   ] GC(5)   Other: 0.0ms
[2025-11-10T11:46:46.890+0900][gc,heap     ] GC(5) Eden regions: 3->0(50)
[2025-11-10T11:46:46.890+0900][gc,heap     ] GC(5) Survivor regions: 2->1(7)
[2025-11-10T11:46:46.890+0900][gc,heap     ] GC(5) Old regions: 16->16
[2025-11-10T11:46:46.890+0900][gc,heap     ] GC(5) Humongous regions: 9->9
[2025-11-10T11:46:46.890+0900][gc,metaspace] GC(5) Metaspace: 35905K(36416K)->35905K(36416K) NonClass: 31776K(32064K)->31776K(32064K) Class: 4128K(4352K)->4128K(4352K)
[2025-11-10T11:46:46.890+0900][gc          ] GC(5) Pause Young (Concurrent Start) (Metadata GC Threshold) 27M->25M(1024M) 0.946ms
[2025-11-10T11:46:46.890+0900][gc          ] GC(6) Concurrent Mark Cycle
[2025-11-10T11:46:46.890+0900][gc,cpu      ] GC(5) User=0.01s Sys=0.00s Real=0.01s
[2025-11-10T11:46:46.890+0900][gc,marking  ] GC(6) Concurrent Scan Root Regions
[2025-11-10T11:46:46.890+0900][gc,marking  ] GC(6) Concurrent Scan Root Regions 0.635ms
[2025-11-10T11:46:46.890+0900][gc,marking  ] GC(6) Concurrent Mark
[2025-11-10T11:46:46.890+0900][gc,marking  ] GC(6) Concurrent Mark From Roots
[2025-11-10T11:46:46.890+0900][gc,task     ] GC(6) Using 2 workers of 2 for marking
[2025-11-10T11:46:46.897+0900][gc,marking  ] GC(6) Concurrent Mark From Roots 6.111ms
[2025-11-10T11:46:46.897+0900][gc,marking  ] GC(6) Concurrent Preclean
[2025-11-10T11:46:46.897+0900][gc,marking  ] GC(6) Concurrent Preclean 0.025ms
[2025-11-10T11:46:46.897+0900][gc,start    ] GC(6) Pause Remark
[2025-11-10T11:46:46.898+0900][gc          ] GC(6) Pause Remark 27M->27M(1024M) 1.054ms
[2025-11-10T11:46:46.898+0900][gc,cpu      ] GC(6) User=0.00s Sys=0.00s Real=0.00s
[2025-11-10T11:46:46.898+0900][gc,marking  ] GC(6) Concurrent Mark 7.304ms
[2025-11-10T11:46:46.898+0900][gc,marking  ] GC(6) Concurrent Rebuild Remembered Sets and Scrub Regions
[2025-11-10T11:46:46.901+0900][gc,marking  ] GC(6) Concurrent Rebuild Remembered Sets and Scrub Regions 3.605ms
[2025-11-10T11:46:46.901+0900][gc,start    ] GC(6) Pause Cleanup
[2025-11-10T11:46:46.901+0900][gc          ] GC(6) Pause Cleanup 28M->28M(1024M) 0.071ms
[2025-11-10T11:46:46.902+0900][gc,cpu      ] GC(6) User=0.00s Sys=0.00s Real=0.00s
[2025-11-10T11:46:46.902+0900][gc,marking  ] GC(6) Concurrent Clear Claimed Marks
[2025-11-10T11:46:46.902+0900][gc,marking  ] GC(6) Concurrent Clear Claimed Marks 0.021ms
[2025-11-10T11:46:46.902+0900][gc,marking  ] GC(6) Concurrent Cleanup for Next Mark
[2025-11-10T11:46:46.903+0900][gc,marking  ] GC(6) Concurrent Cleanup for Next Mark 1.015ms
[2025-11-10T11:46:46.903+0900][gc          ] GC(6) Concurrent Mark Cycle 12.822ms
[2025-11-10T11:46:47.980+0900][gc,start    ] GC(7) Pause Young (Prepare Mixed) (G1 Evacuation Pause)
[2025-11-10T11:46:47.980+0900][gc,task     ] GC(7) Using 8 workers of 8 for evacuation
[2025-11-10T11:46:47.982+0900][gc,phases   ] GC(7)   Pre Evacuate Collection Set: 0.1ms
[2025-11-10T11:46:47.982+0900][gc,phases   ] GC(7)   Merge Heap Roots: 0.0ms
[2025-11-10T11:46:47.982+0900][gc,phases   ] GC(7)   Evacuate Collection Set: 2.2ms
[2025-11-10T11:46:47.982+0900][gc,phases   ] GC(7)   Post Evacuate Collection Set: 0.3ms
[2025-11-10T11:46:47.982+0900][gc,phases   ] GC(7)   Other: 0.0ms
[2025-11-10T11:46:47.982+0900][gc,heap     ] GC(7) Eden regions: 50->0(44)
[2025-11-10T11:46:47.982+0900][gc,heap     ] GC(7) Survivor regions: 1->7(7)
[2025-11-10T11:46:47.982+0900][gc,heap     ] GC(7) Old regions: 16->18
[2025-11-10T11:46:47.982+0900][gc,heap     ] GC(7) Humongous regions: 138->138
[2025-11-10T11:46:47.982+0900][gc,metaspace] GC(7) Metaspace: 43432K(44416K)->43432K(44416K) NonClass: 38307K(38848K)->38307K(38848K) Class: 5125K(5568K)->5125K(5568K)
[2025-11-10T11:46:47.982+0900][gc          ] GC(7) Pause Young (Prepare Mixed) (G1 Evacuation Pause) 204M->162M(1024M) 2.730ms
[2025-11-10T11:46:47.982+0900][gc,cpu      ] GC(7) User=0.02s Sys=0.00s Real=0.00s
[2025-11-10T11:48:56.444+0900][gc,start    ] GC(8) Pause Young (Mixed) (G1 Evacuation Pause)
[2025-11-10T11:48:56.445+0900][gc,task     ] GC(8) Using 8 workers of 8 for evacuation
[2025-11-10T11:48:56.456+0900][gc,phases   ] GC(8)   Pre Evacuate Collection Set: 0.5ms
[2025-11-10T11:48:56.456+0900][gc,phases   ] GC(8)   Merge Heap Roots: 0.1ms
[2025-11-10T11:48:56.456+0900][gc,phases   ] GC(8)   Evacuate Collection Set: 10.3ms
[2025-11-10T11:48:56.456+0900][gc,phases   ] GC(8)   Post Evacuate Collection Set: 0.6ms
[2025-11-10T11:48:56.456+0900][gc,phases   ] GC(8)   Other: 0.1ms
[2025-11-10T11:48:56.456+0900][gc,heap     ] GC(8) Eden regions: 44->0(48)
[2025-11-10T11:48:56.456+0900][gc,heap     ] GC(8) Survivor regions: 7->3(7)
[2025-11-10T11:48:56.456+0900][gc,heap     ] GC(8) Old regions: 18->25
[2025-11-10T11:48:56.456+0900][gc,heap     ] GC(8) Humongous regions: 139->139
[2025-11-10T11:48:56.456+0900][gc,metaspace] GC(8) Metaspace: 47596K(48640K)->47596K(48640K) NonClass: 42044K(42624K)->42044K(42624K) Class: 5552K(6016K)->5552K(6016K)
[2025-11-10T11:48:56.457+0900][gc          ] GC(8) Pause Young (Mixed) (G1 Evacuation Pause) 207M->166M(1024M) 12.325ms
[2025-11-10T11:48:56.457+0900][gc,cpu      ] GC(8) User=0.04s Sys=0.00s Real=0.01s
[2025-11-10T11:54:02.243+0900][gc,start    ] GC(9) Pause Young (Normal) (G1 Evacuation Pause)
[2025-11-10T11:54:02.244+0900][gc,task     ] GC(9) Using 8 workers of 8 for evacuation
[2025-11-10T11:54:02.253+0900][gc,phases   ] GC(9)   Pre Evacuate Collection Set: 0.9ms
[2025-11-10T11:54:02.253+0900][gc,phases   ] GC(9)   Merge Heap Roots: 0.2ms
[2025-11-10T11:54:02.253+0900][gc,phases   ] GC(9)   Evacuate Collection Set: 7.5ms
[2025-11-10T11:54:02.253+0900][gc,phases   ] GC(9)   Post Evacuate Collection Set: 0.5ms
[2025-11-10T11:54:02.253+0900][gc,phases   ] GC(9)   Other: 0.1ms
[2025-11-10T11:54:02.253+0900][gc,heap     ] GC(9) Eden regions: 48->0(46)
[2025-11-10T11:54:02.253+0900][gc,heap     ] GC(9) Survivor regions: 3->5(7)
[2025-11-10T11:54:02.253+0900][gc,heap     ] GC(9) Old regions: 25->25
[2025-11-10T11:54:02.253+0900][gc,heap     ] GC(9) Humongous regions: 139->139
[2025-11-10T11:54:02.253+0900][gc,metaspace] GC(9) Metaspace: 48113K(49152K)->48113K(49152K) NonClass: 42559K(43136K)->42559K(43136K) Class: 5554K(6016K)->5554K(6016K)
[2025-11-10T11:54:02.253+0900][gc          ] GC(9) Pause Young (Normal) (G1 Evacuation Pause) 214M->168M(1024M) 10.566ms
[2025-11-10T11:54:02.253+0900][gc,cpu      ] GC(9) User=0.02s Sys=0.02s Real=0.01s
[2025-11-10T11:58:54.027+0900][gc,start    ] GC(10) Pause Young (Normal) (G1 Evacuation Pause)
[2025-11-10T11:58:54.028+0900][gc,task     ] GC(10) Using 8 workers of 8 for evacuation
[2025-11-10T11:58:54.038+0900][gc,phases   ] GC(10)   Pre Evacuate Collection Set: 0.5ms
[2025-11-10T11:58:54.038+0900][gc,phases   ] GC(10)   Merge Heap Roots: 0.1ms
[2025-11-10T11:58:54.038+0900][gc,phases   ] GC(10)   Evacuate Collection Set: 8.6ms
[2025-11-10T11:58:54.038+0900][gc,phases   ] GC(10)   Post Evacuate Collection Set: 0.6ms
[2025-11-10T11:58:54.038+0900][gc,phases   ] GC(10)   Other: 0.2ms
[2025-11-10T11:58:54.038+0900][gc,heap     ] GC(10) Eden regions: 46->0(47)
[2025-11-10T11:58:54.038+0900][gc,heap     ] GC(10) Survivor regions: 5->4(7)
[2025-11-10T11:58:54.038+0900][gc,heap     ] GC(10) Old regions: 25->27
[2025-11-10T11:58:54.038+0900][gc,heap     ] GC(10) Humongous regions: 139->139
[2025-11-10T11:58:54.038+0900][gc,metaspace] GC(10) Metaspace: 48325K(49408K)->48325K(49408K) NonClass: 42762K(43392K)->42762K(43392K) Class: 5562K(6016K)->5562K(6016K)
[2025-11-10T11:58:54.039+0900][gc          ] GC(10) Pause Young (Normal) (G1 Evacuation Pause) 214M->168M(1024M) 11.596ms
[2025-11-10T11:58:54.039+0900][gc,cpu      ] GC(10) User=0.03s Sys=0.00s Real=0.01s
[2025-11-10T12:02:57.051+0900][gc,start    ] GC(11) Pause Young (Normal) (G1 Evacuation Pause)
[2025-11-10T12:02:57.053+0900][gc,task     ] GC(11) Using 8 workers of 8 for evacuation
[2025-11-10T12:02:57.066+0900][gc,phases   ] GC(11)   Pre Evacuate Collection Set: 1.4ms
[2025-11-10T12:02:57.066+0900][gc,phases   ] GC(11)   Merge Heap Roots: 0.2ms
[2025-11-10T12:02:57.066+0900][gc,phases   ] GC(11)   Evacuate Collection Set: 10.9ms
[2025-11-10T12:02:57.066+0900][gc,phases   ] GC(11)   Post Evacuate Collection Set: 0.5ms
[2025-11-10T12:02:57.066+0900][gc,phases   ] GC(11)   Other: 0.2ms
[2025-11-10T12:02:57.066+0900][gc,heap     ] GC(11) Eden regions: 47->0(47)
[2025-11-10T12:02:57.066+0900][gc,heap     ] GC(11) Survivor regions: 4->4(7)
[2025-11-10T12:02:57.066+0900][gc,heap     ] GC(11) Old regions: 27->27
[2025-11-10T12:02:57.066+0900][gc,heap     ] GC(11) Humongous regions: 139->139
[2025-11-10T12:02:57.066+0900][gc,metaspace] GC(11) Metaspace: 48950K(50112K)->48950K(50112K) NonClass: 43305K(43968K)->43305K(43968K) Class: 5645K(6144K)->5645K(6144K)
[2025-11-10T12:02:57.066+0900][gc          ] GC(11) Pause Young (Normal) (G1 Evacuation Pause) 215M->169M(1024M) 14.567ms
[2025-11-10T12:02:57.066+0900][gc,cpu      ] GC(11) User=0.02s Sys=0.03s Real=0.01s
[2025-11-10T12:09:27.909+0900][gc,start    ] GC(12) Pause Young (Normal) (G1 Evacuation Pause)
[2025-11-10T12:09:27.909+0900][gc,task     ] GC(12) Using 8 workers of 8 for evacuation
[2025-11-10T12:09:27.928+0900][gc,phases   ] GC(12)   Pre Evacuate Collection Set: 0.7ms
[2025-11-10T12:09:27.928+0900][gc,phases   ] GC(12)   Merge Heap Roots: 0.1ms
[2025-11-10T12:09:27.928+0900][gc,phases   ] GC(12)   Evacuate Collection Set: 17.4ms
[2025-11-10T12:09:27.928+0900][gc,phases   ] GC(12)   Post Evacuate Collection Set: 0.9ms
[2025-11-10T12:09:27.928+0900][gc,phases   ] GC(12)   Other: 0.2ms
[2025-11-10T12:09:27.928+0900][gc,heap     ] GC(12) Eden regions: 47->0(46)
[2025-11-10T12:09:27.928+0900][gc,heap     ] GC(12) Survivor regions: 4->5(7)
[2025-11-10T12:09:27.928+0900][gc,heap     ] GC(12) Old regions: 27->27
[2025-11-10T12:09:27.928+0900][gc,heap     ] GC(12) Humongous regions: 139->139
[2025-11-10T12:09:27.928+0900][gc,metaspace] GC(12) Metaspace: 49125K(50240K)->49125K(50240K) NonClass: 43472K(44096K)->43472K(44096K) Class: 5653K(6144K)->5653K(6144K)
[2025-11-10T12:09:27.928+0900][gc          ] GC(12) Pause Young (Normal) (G1 Evacuation Pause) 216M->170M(1024M) 19.650ms
[2025-11-10T12:09:27.928+0900][gc,cpu      ] GC(12) User=0.01s Sys=0.04s Real=0.02s
[2025-11-10T12:16:22.060+0900][gc,start    ] GC(13) Pause Young (Normal) (G1 Evacuation Pause)
[2025-11-10T12:16:22.061+0900][gc,task     ] GC(13) Using 8 workers of 8 for evacuation
[2025-11-10T12:16:22.079+0900][gc,phases   ] GC(13)   Pre Evacuate Collection Set: 1.1ms
[2025-11-10T12:16:22.079+0900][gc,phases   ] GC(13)   Merge Heap Roots: 0.1ms
[2025-11-10T12:16:22.079+0900][gc,phases   ] GC(13)   Evacuate Collection Set: 16.2ms
[2025-11-10T12:16:22.079+0900][gc,phases   ] GC(13)   Post Evacuate Collection Set: 0.5ms
[2025-11-10T12:16:22.079+0900][gc,phases   ] GC(13)   Other: 0.2ms
[2025-11-10T12:16:22.079+0900][gc,heap     ] GC(13) Eden regions: 46->0(46)
[2025-11-10T12:16:22.079+0900][gc,heap     ] GC(13) Survivor regions: 5->5(7)
[2025-11-10T12:16:22.079+0900][gc,heap     ] GC(13) Old regions: 27->28
[2025-11-10T12:16:22.079+0900][gc,heap     ] GC(13) Humongous regions: 139->139
[2025-11-10T12:16:22.079+0900][gc,metaspace] GC(13) Metaspace: 49131K(50240K)->49131K(50240K) NonClass: 43478K(44096K)->43478K(44096K) Class: 5653K(6144K)->5653K(6144K)
[2025-11-10T12:16:22.079+0900][gc          ] GC(13) Pause Young (Normal) (G1 Evacuation Pause) 216M->170M(1024M) 19.639ms
[2025-11-10T12:16:22.079+0900][gc,cpu      ] GC(13) User=0.02s Sys=0.06s Real=0.01s
[2025-11-10T12:23:24.078+0900][gc,start    ] GC(14) Pause Young (Normal) (G1 Evacuation Pause)
[2025-11-10T12:23:24.078+0900][gc,task     ] GC(14) Using 8 workers of 8 for evacuation
[2025-11-10T12:23:24.089+0900][gc,phases   ] GC(14)   Pre Evacuate Collection Set: 0.8ms
[2025-11-10T12:23:24.089+0900][gc,phases   ] GC(14)   Merge Heap Roots: 0.1ms
[2025-11-10T12:23:24.089+0900][gc,phases   ] GC(14)   Evacuate Collection Set: 9.7ms
[2025-11-10T12:23:24.089+0900][gc,phases   ] GC(14)   Post Evacuate Collection Set: 0.3ms
[2025-11-10T12:23:24.089+0900][gc,phases   ] GC(14)   Other: 0.1ms
[2025-11-10T12:23:24.089+0900][gc,heap     ] GC(14) Eden regions: 46->0(47)
[2025-11-10T12:23:24.089+0900][gc,heap     ] GC(14) Survivor regions: 5->4(7)
[2025-11-10T12:23:24.089+0900][gc,heap     ] GC(14) Old regions: 28->29
[2025-11-10T12:23:24.089+0900][gc,heap     ] GC(14) Humongous regions: 139->139
[2025-11-10T12:23:24.089+0900][gc,metaspace] GC(14) Metaspace: 49143K(50240K)->49143K(50240K) NonClass: 43490K(44096K)->43490K(44096K) Class: 5653K(6144K)->5653K(6144K)
[2025-11-10T12:23:24.089+0900][gc          ] GC(14) Pause Young (Normal) (G1 Evacuation Pause) 216M->171M(1024M) 11.463ms
[2025-11-10T12:23:24.090+0900][gc,cpu      ] GC(14) User=0.02s Sys=0.04s Real=0.02s
[2025-11-10T12:30:37.448+0900][gc,start    ] GC(15) Pause Young (Normal) (G1 Evacuation Pause)
[2025-11-10T12:30:37.450+0900][gc,task     ] GC(15) Using 8 workers of 8 for evacuation
[2025-11-10T12:30:37.477+0900][gc,mmu      ] GC(15) MMU target violated: 21.0ms (20.0ms/21.0ms)
[2025-11-10T12:30:37.477+0900][gc,phases   ] GC(15)   Pre Evacuate Collection Set: 1.3ms
[2025-11-10T12:30:37.478+0900][gc,phases   ] GC(15)   Merge Heap Roots: 0.2ms
[2025-11-10T12:30:37.478+0900][gc,phases   ] GC(15)   Evacuate Collection Set: 25.3ms
[2025-11-10T12:30:37.478+0900][gc,phases   ] GC(15)   Post Evacuate Collection Set: 0.6ms
[2025-11-10T12:30:37.478+0900][gc,phases   ] GC(15)   Other: 0.3ms
[2025-11-10T12:30:37.478+0900][gc,heap     ] GC(15) Eden regions: 47->0(46)
[2025-11-10T12:30:37.478+0900][gc,heap     ] GC(15) Survivor regions: 4->5(7)
[2025-11-10T12:30:37.478+0900][gc,heap     ] GC(15) Old regions: 29->29
[2025-11-10T12:30:37.478+0900][gc,heap     ] GC(15) Humongous regions: 139->139
[2025-11-10T12:30:37.478+0900][gc,metaspace] GC(15) Metaspace: 49170K(50304K)->49170K(50304K) NonClass: 43517K(44160K)->43517K(44160K) Class: 5653K(6144K)->5653K(6144K)
[2025-11-10T12:30:37.478+0900][gc          ] GC(15) Pause Young (Normal) (G1 Evacuation Pause) 218M->171M(1024M) 29.166ms
[2025-11-10T12:30:37.478+0900][gc,cpu      ] GC(15) User=0.02s Sys=0.07s Real=0.03s
[2025-11-10T12:37:47.418+0900][gc,start    ] GC(16) Pause Young (Normal) (G1 Evacuation Pause)
[2025-11-10T12:37:47.419+0900][gc,task     ] GC(16) Using 8 workers of 8 for evacuation
[2025-11-10T12:37:47.429+0900][gc,phases   ] GC(16)   Pre Evacuate Collection Set: 0.5ms
[2025-11-10T12:37:47.429+0900][gc,phases   ] GC(16)   Merge Heap Roots: 0.1ms
[2025-11-10T12:37:47.429+0900][gc,phases   ] GC(16)   Evacuate Collection Set: 9.5ms
[2025-11-10T12:37:47.429+0900][gc,phases   ] GC(16)   Post Evacuate Collection Set: 0.3ms
[2025-11-10T12:37:47.429+0900][gc,phases   ] GC(16)   Other: 0.1ms
[2025-11-10T12:37:47.429+0900][gc,heap     ] GC(16) Eden regions: 46->0(47)
[2025-11-10T12:37:47.429+0900][gc,heap     ] GC(16) Survivor regions: 5->4(7)
[2025-11-10T12:37:47.429+0900][gc,heap     ] GC(16) Old regions: 29->31
[2025-11-10T12:37:47.429+0900][gc,heap     ] GC(16) Humongous regions: 139->139
[2025-11-10T12:37:47.429+0900][gc,metaspace] GC(16) Metaspace: 49195K(50304K)->49195K(50304K) NonClass: 43542K(44160K)->43542K(44160K) Class: 5653K(6144K)->5653K(6144K)
[2025-11-10T12:37:47.429+0900][gc          ] GC(16) Pause Young (Normal) (G1 Evacuation Pause) 217M->172M(1024M) 11.264ms
[2025-11-10T12:37:47.429+0900][gc,cpu      ] GC(16) User=0.02s Sys=0.04s Real=0.01s
[2025-11-10T12:45:03.868+0900][gc,start    ] GC(17) Pause Young (Normal) (G1 Evacuation Pause)
[2025-11-10T12:45:03.869+0900][gc,task     ] GC(17) Using 8 workers of 8 for evacuation
[2025-11-10T12:45:03.885+0900][gc,phases   ] GC(17)   Pre Evacuate Collection Set: 0.6ms
[2025-11-10T12:45:03.885+0900][gc,phases   ] GC(17)   Merge Heap Roots: 0.1ms
[2025-11-10T12:45:03.885+0900][gc,phases   ] GC(17)   Evacuate Collection Set: 14.0ms
[2025-11-10T12:45:03.885+0900][gc,phases   ] GC(17)   Post Evacuate Collection Set: 0.3ms
[2025-11-10T12:45:03.885+0900][gc,phases   ] GC(17)   Other: 0.1ms
[2025-11-10T12:45:03.885+0900][gc,heap     ] GC(17) Eden regions: 47->0(47)
[2025-11-10T12:45:03.885+0900][gc,heap     ] GC(17) Survivor regions: 4->4(7)
[2025-11-10T12:45:03.885+0900][gc,heap     ] GC(17) Old regions: 31->31
[2025-11-10T12:45:03.885+0900][gc,heap     ] GC(17) Humongous regions: 139->139
[2025-11-10T12:45:03.885+0900][gc,metaspace] GC(17) Metaspace: 49196K(50304K)->49196K(50304K) NonClass: 43543K(44160K)->43543K(44160K) Class: 5653K(6144K)->5653K(6144K)
[2025-11-10T12:45:03.885+0900][gc          ] GC(17) Pause Young (Normal) (G1 Evacuation Pause) 219M->173M(1024M) 16.137ms
[2025-11-10T12:45:03.885+0900][gc,cpu      ] GC(17) User=0.01s Sys=0.05s Real=0.02s
[2025-11-10T13:04:59.813+0900][gc,start    ] GC(18) Pause Young (Normal) (G1 Evacuation Pause)
[2025-11-10T13:04:59.815+0900][gc,task     ] GC(18) Using 8 workers of 8 for evacuation
[2025-11-10T13:04:59.837+0900][gc,mmu      ] GC(18) MMU target violated: 21.0ms (20.0ms/21.0ms)
[2025-11-10T13:04:59.837+0900][gc,phases   ] GC(18)   Pre Evacuate Collection Set: 0.7ms
[2025-11-10T13:04:59.837+0900][gc,phases   ] GC(18)   Merge Heap Roots: 0.1ms
[2025-11-10T13:04:59.837+0900][gc,phases   ] GC(18)   Evacuate Collection Set: 20.8ms
[2025-11-10T13:04:59.837+0900][gc,phases   ] GC(18)   Post Evacuate Collection Set: 0.4ms
[2025-11-10T13:04:59.838+0900][gc,phases   ] GC(18)   Other: 0.2ms
[2025-11-10T13:04:59.838+0900][gc,heap     ] GC(18) Eden regions: 47->0(46)
[2025-11-10T13:04:59.838+0900][gc,heap     ] GC(18) Survivor regions: 4->5(7)
[2025-11-10T13:04:59.838+0900][gc,heap     ] GC(18) Old regions: 31->31
[2025-11-10T13:04:59.838+0900][gc,heap     ] GC(18) Humongous regions: 148->148
[2025-11-10T13:04:59.838+0900][gc,metaspace] GC(18) Metaspace: 49370K(50560K)->49370K(50560K) NonClass: 43687K(44352K)->43687K(44352K) Class: 5683K(6208K)->5683K(6208K)
[2025-11-10T13:04:59.838+0900][gc          ] GC(18) Pause Young (Normal) (G1 Evacuation Pause) 229M->183M(1024M) 24.456ms
[2025-11-10T13:04:59.838+0900][gc,cpu      ] GC(18) User=0.02s Sys=0.05s Real=0.02s
[2025-11-10T13:29:02.217+0900][gc,start    ] GC(19) Pause Young (Normal) (G1 Evacuation Pause)
[2025-11-10T13:29:02.217+0900][gc,task     ] GC(19) Using 8 workers of 8 for evacuation
[2025-11-10T13:29:02.230+0900][gc,phases   ] GC(19)   Pre Evacuate Collection Set: 1.8ms
[2025-11-10T13:29:02.230+0900][gc,phases   ] GC(19)   Merge Heap Roots: 0.3ms
[2025-11-10T13:29:02.230+0900][gc,phases   ] GC(19)   Evacuate Collection Set: 9.4ms
[2025-11-10T13:29:02.230+0900][gc,phases   ] GC(19)   Post Evacuate Collection Set: 0.6ms
[2025-11-10T13:29:02.230+0900][gc,phases   ] GC(19)   Other: 0.3ms
[2025-11-10T13:29:02.230+0900][gc,heap     ] GC(19) Eden regions: 46->0(47)
[2025-11-10T13:29:02.230+0900][gc,heap     ] GC(19) Survivor regions: 5->4(7)
[2025-11-10T13:29:02.230+0900][gc,heap     ] GC(19) Old regions: 31->32
[2025-11-10T13:29:02.230+0900][gc,heap     ] GC(19) Humongous regions: 148->148
[2025-11-10T13:29:02.230+0900][gc,metaspace] GC(19) Metaspace: 49379K(50560K)->49379K(50560K) NonClass: 43696K(44352K)->43696K(44352K) Class: 5683K(6208K)->5683K(6208K)
[2025-11-10T13:29:02.230+0900][gc          ] GC(19) Pause Young (Normal) (G1 Evacuation Pause) 229M->183M(1024M) 13.278ms
[2025-11-10T13:29:02.230+0900][gc,cpu      ] GC(19) User=0.02s Sys=0.02s Real=0.02s
[2025-11-10T13:37:16.422+0900][gc,start    ] GC(20) Pause Young (Normal) (G1 Evacuation Pause)
[2025-11-10T13:37:16.422+0900][gc,task     ] GC(20) Using 8 workers of 8 for evacuation
[2025-11-10T13:37:16.456+0900][gc,mmu      ] GC(20) MMU target violated: 21.0ms (20.0ms/21.0ms)
[2025-11-10T13:37:16.456+0900][gc,phases   ] GC(20)   Pre Evacuate Collection Set: 0.8ms
[2025-11-10T13:37:16.456+0900][gc,phases   ] GC(20)   Merge Heap Roots: 0.1ms
[2025-11-10T13:37:16.456+0900][gc,phases   ] GC(20)   Evacuate Collection Set: 30.8ms
[2025-11-10T13:37:16.456+0900][gc,phases   ] GC(20)   Post Evacuate Collection Set: 0.5ms
[2025-11-10T13:37:16.456+0900][gc,phases   ] GC(20)   Other: 1.6ms
[2025-11-10T13:37:16.456+0900][gc,heap     ] GC(20) Eden regions: 53->0(47)
[2025-11-10T13:37:16.456+0900][gc,heap     ] GC(20) Survivor regions: 4->4(8)
[2025-11-10T13:37:16.456+0900][gc,heap     ] GC(20) Old regions: 32->32
[2025-11-10T13:37:16.456+0900][gc,heap     ] GC(20) Humongous regions: 148->148
[2025-11-10T13:37:16.456+0900][gc,metaspace] GC(20) Metaspace: 49398K(50560K)->49398K(50560K) NonClass: 43715K(44352K)->43715K(44352K) Class: 5683K(6208K)->5683K(6208K)
[2025-11-10T13:37:16.456+0900][gc          ] GC(20) Pause Young (Normal) (G1 Evacuation Pause) 236M->183M(1024M) 34.738ms
[2025-11-10T13:37:16.456+0900][gc,cpu      ] GC(20) User=0.02s Sys=0.08s Real=0.03s
[2025-11-10T13:44:33.723+0900][gc,start    ] GC(21) Pause Young (Normal) (G1 Evacuation Pause)
[2025-11-10T13:44:33.725+0900][gc,task     ] GC(21) Using 8 workers of 8 for evacuation
[2025-11-10T13:44:33.741+0900][gc,phases   ] GC(21)   Pre Evacuate Collection Set: 1.1ms
[2025-11-10T13:44:33.741+0900][gc,phases   ] GC(21)   Merge Heap Roots: 0.1ms
[2025-11-10T13:44:33.741+0900][gc,phases   ] GC(21)   Evacuate Collection Set: 14.9ms
[2025-11-10T13:44:33.741+0900][gc,phases   ] GC(21)   Post Evacuate Collection Set: 0.4ms
[2025-11-10T13:44:33.741+0900][gc,phases   ] GC(21)   Other: 0.2ms
[2025-11-10T13:44:33.741+0900][gc,heap     ] GC(21) Eden regions: 47->0(47)
[2025-11-10T13:44:33.741+0900][gc,heap     ] GC(21) Survivor regions: 4->4(7)
[2025-11-10T13:44:33.741+0900][gc,heap     ] GC(21) Old regions: 32->32
[2025-11-10T13:44:33.741+0900][gc,heap     ] GC(21) Humongous regions: 148->148
[2025-11-10T13:44:33.741+0900][gc,metaspace] GC(21) Metaspace: 49404K(50560K)->49404K(50560K) NonClass: 43721K(44352K)->43721K(44352K) Class: 5683K(6208K)->5683K(6208K)
[2025-11-10T13:44:33.741+0900][gc          ] GC(21) Pause Young (Normal) (G1 Evacuation Pause) 230M->183M(1024M) 17.847ms
[2025-11-10T13:44:33.741+0900][gc,cpu      ] GC(21) User=0.01s Sys=0.06s Real=0.02s
[2025-11-10T13:51:52.173+0900][gc,start    ] GC(22) Pause Young (Normal) (G1 Evacuation Pause)
[2025-11-10T13:51:52.173+0900][gc,task     ] GC(22) Using 8 workers of 8 for evacuation
[2025-11-10T13:51:52.194+0900][gc,mmu      ] GC(22) MMU target violated: 20.6ms (20.0ms/21.0ms)
[2025-11-10T13:51:52.194+0900][gc,phases   ] GC(22)   Pre Evacuate Collection Set: 1.5ms
[2025-11-10T13:51:52.194+0900][gc,phases   ] GC(22)   Merge Heap Roots: 0.2ms
[2025-11-10T13:51:52.194+0900][gc,phases   ] GC(22)   Evacuate Collection Set: 18.4ms
[2025-11-10T13:51:52.194+0900][gc,phases   ] GC(22)   Post Evacuate Collection Set: 0.4ms
[2025-11-10T13:51:52.194+0900][gc,phases   ] GC(22)   Other: 0.3ms
[2025-11-10T13:51:52.194+0900][gc,heap     ] GC(22) Eden regions: 47->0(47)
[2025-11-10T13:51:52.194+0900][gc,heap     ] GC(22) Survivor regions: 4->4(7)
[2025-11-10T13:51:52.194+0900][gc,heap     ] GC(22) Old regions: 32->32
[2025-11-10T13:51:52.194+0900][gc,heap     ] GC(22) Humongous regions: 148->148
[2025-11-10T13:51:52.194+0900][gc,metaspace] GC(22) Metaspace: 49404K(50560K)->49404K(50560K) NonClass: 43721K(44352K)->43721K(44352K) Class: 5683K(6208K)->5683K(6208K)
[2025-11-10T13:51:52.194+0900][gc          ] GC(22) Pause Young (Normal) (G1 Evacuation Pause) 230M->183M(1024M) 21.604ms
[2025-11-10T13:51:52.194+0900][gc,cpu      ] GC(22) User=0.02s Sys=0.05s Real=0.02s
[2025-11-10T13:59:08.848+0900][gc,start    ] GC(23) Pause Young (Normal) (G1 Evacuation Pause)
[2025-11-10T13:59:08.849+0900][gc,task     ] GC(23) Using 8 workers of 8 for evacuation
[2025-11-10T13:59:08.862+0900][gc,phases   ] GC(23)   Pre Evacuate Collection Set: 0.7ms
[2025-11-10T13:59:08.862+0900][gc,phases   ] GC(23)   Merge Heap Roots: 0.1ms
[2025-11-10T13:59:08.862+0900][gc,phases   ] GC(23)   Evacuate Collection Set: 11.8ms
[2025-11-10T13:59:08.862+0900][gc,phases   ] GC(23)   Post Evacuate Collection Set: 0.5ms
[2025-11-10T13:59:08.862+0900][gc,phases   ] GC(23)   Other: 0.1ms
[2025-11-10T13:59:08.862+0900][gc,heap     ] GC(23) Eden regions: 47->0(47)
[2025-11-10T13:59:08.862+0900][gc,heap     ] GC(23) Survivor regions: 4->4(7)
[2025-11-10T13:59:08.862+0900][gc,heap     ] GC(23) Old regions: 32->32
[2025-11-10T13:59:08.862+0900][gc,heap     ] GC(23) Humongous regions: 148->148
[2025-11-10T13:59:08.862+0900][gc,metaspace] GC(23) Metaspace: 49418K(50560K)->49418K(50560K) NonClass: 43735K(44352K)->43735K(44352K) Class: 5683K(6208K)->5683K(6208K)
[2025-11-10T13:59:08.862+0900][gc          ] GC(23) Pause Young (Normal) (G1 Evacuation Pause) 230M->183M(1024M) 14.071ms
[2025-11-10T13:59:08.862+0900][gc,cpu      ] GC(23) User=0.01s Sys=0.03s Real=0.02s
[2025-11-10T14:06:31.203+0900][gc,start    ] GC(24) Pause Young (Normal) (G1 Evacuation Pause)
[2025-11-10T14:06:31.206+0900][gc,task     ] GC(24) Using 8 workers of 8 for evacuation
[2025-11-10T14:06:31.231+0900][gc,mmu      ] GC(24) MMU target violated: 21.0ms (20.0ms/21.0ms)
[2025-11-10T14:06:31.231+0900][gc,phases   ] GC(24)   Pre Evacuate Collection Set: 1.7ms
[2025-11-10T14:06:31.231+0900][gc,phases   ] GC(24)   Merge Heap Roots: 0.1ms
[2025-11-10T14:06:31.231+0900][gc,phases   ] GC(24)   Evacuate Collection Set: 22.5ms
[2025-11-10T14:06:31.231+0900][gc,phases   ] GC(24)   Post Evacuate Collection Set: 1.1ms
[2025-11-10T14:06:31.231+0900][gc,phases   ] GC(24)   Other: 0.9ms
[2025-11-10T14:06:31.232+0900][gc,heap     ] GC(24) Eden regions: 47->0(47)
[2025-11-10T14:06:31.232+0900][gc,heap     ] GC(24) Survivor regions: 4->4(7)
[2025-11-10T14:06:31.232+0900][gc,heap     ] GC(24) Old regions: 32->32
[2025-11-10T14:06:31.232+0900][gc,heap     ] GC(24) Humongous regions: 148->148
[2025-11-10T14:06:31.232+0900][gc,metaspace] GC(24) Metaspace: 49419K(50560K)->49419K(50560K) NonClass: 43736K(44352K)->43736K(44352K) Class: 5683K(6208K)->5683K(6208K)
[2025-11-10T14:06:31.232+0900][gc          ] GC(24) Pause Young (Normal) (G1 Evacuation Pause) 230M->183M(1024M) 29.547ms
[2025-11-10T14:06:31.232+0900][gc,cpu      ] GC(24) User=0.02s Sys=0.07s Real=0.03s
[2025-11-10T14:13:50.685+0900][gc,start    ] GC(25) Pause Young (Normal) (G1 Evacuation Pause)
[2025-11-10T14:13:50.688+0900][gc,task     ] GC(25) Using 8 workers of 8 for evacuation
[2025-11-10T14:13:50.703+0900][gc,phases   ] GC(25)   Pre Evacuate Collection Set: 1.1ms
[2025-11-10T14:13:50.703+0900][gc,phases   ] GC(25)   Merge Heap Roots: 0.2ms
[2025-11-10T14:13:50.703+0900][gc,phases   ] GC(25)   Evacuate Collection Set: 13.5ms
[2025-11-10T14:13:50.703+0900][gc,phases   ] GC(25)   Post Evacuate Collection Set: 0.7ms
[2025-11-10T14:13:50.703+0900][gc,phases   ] GC(25)   Other: 0.3ms
[2025-11-10T14:13:50.703+0900][gc,heap     ] GC(25) Eden regions: 47->0(47)
[2025-11-10T14:13:50.703+0900][gc,heap     ] GC(25) Survivor regions: 4->4(7)
[2025-11-10T14:13:50.703+0900][gc,heap     ] GC(25) Old regions: 32->32
[2025-11-10T14:13:50.703+0900][gc,heap     ] GC(25) Humongous regions: 148->148
[2025-11-10T14:13:50.703+0900][gc,metaspace] GC(25) Metaspace: 49420K(50560K)->49420K(50560K) NonClass: 43737K(44352K)->43737K(44352K) Class: 5683K(6208K)->5683K(6208K)
[2025-11-10T14:13:50.703+0900][gc          ] GC(25) Pause Young (Normal) (G1 Evacuation Pause) 230M->183M(1024M) 18.159ms
[2025-11-10T14:13:50.703+0900][gc,cpu      ] GC(25) User=0.01s Sys=0.02s Real=0.02s
[2025-11-10T14:19:42.393+0900][gc,start    ] GC(26) Pause Young (Normal) (G1 Evacuation Pause)
[2025-11-10T14:19:42.394+0900][gc,task     ] GC(26) Using 8 workers of 8 for evacuation
[2025-11-10T14:19:42.411+0900][gc,phases   ] GC(26)   Pre Evacuate Collection Set: 1.6ms
[2025-11-10T14:19:42.412+0900][gc,phases   ] GC(26)   Merge Heap Roots: 0.2ms
[2025-11-10T14:19:42.412+0900][gc,phases   ] GC(26)   Evacuate Collection Set: 14.8ms
[2025-11-10T14:19:42.412+0900][gc,phases   ] GC(26)   Post Evacuate Collection Set: 0.3ms
[2025-11-10T14:19:42.412+0900][gc,phases   ] GC(26)   Other: 0.2ms
[2025-11-10T14:19:42.412+0900][gc,heap     ] GC(26) Eden regions: 47->0(45)
[2025-11-10T14:19:42.412+0900][gc,heap     ] GC(26) Survivor regions: 4->6(7)
[2025-11-10T14:19:42.412+0900][gc,heap     ] GC(26) Old regions: 32->32
[2025-11-10T14:19:42.412+0900][gc,heap     ] GC(26) Humongous regions: 148->148
[2025-11-10T14:19:42.412+0900][gc,metaspace] GC(26) Metaspace: 49536K(50688K)->49536K(50688K) NonClass: 43837K(44480K)->43837K(44480K) Class: 5699K(6208K)->5699K(6208K)
[2025-11-10T14:19:42.412+0900][gc          ] GC(26) Pause Young (Normal) (G1 Evacuation Pause) 230M->185M(1024M) 18.489ms
[2025-11-10T14:19:42.412+0900][gc,cpu      ] GC(26) User=0.02s Sys=0.05s Real=0.02s
[2025-11-10T14:26:37.611+0900][gc,start    ] GC(27) Pause Young (Normal) (G1 Evacuation Pause)
[2025-11-10T14:26:37.612+0900][gc,task     ] GC(27) Using 8 workers of 8 for evacuation
[2025-11-10T14:26:37.636+0900][gc,mmu      ] GC(27) MMU target violated: 21.0ms (20.0ms/21.0ms)
[2025-11-10T14:26:37.636+0900][gc,phases   ] GC(27)   Pre Evacuate Collection Set: 1.6ms
[2025-11-10T14:26:37.636+0900][gc,phases   ] GC(27)   Merge Heap Roots: 0.3ms
[2025-11-10T14:26:37.636+0900][gc,phases   ] GC(27)   Evacuate Collection Set: 21.3ms
[2025-11-10T14:26:37.636+0900][gc,phases   ] GC(27)   Post Evacuate Collection Set: 0.6ms
[2025-11-10T14:26:37.636+0900][gc,phases   ] GC(27)   Other: 0.4ms
[2025-11-10T14:26:37.636+0900][gc,heap     ] GC(27) Eden regions: 45->0(47)
[2025-11-10T14:26:37.636+0900][gc,heap     ] GC(27) Survivor regions: 6->4(7)
[2025-11-10T14:26:37.636+0900][gc,heap     ] GC(27) Old regions: 32->34
[2025-11-10T14:26:37.636+0900][gc,heap     ] GC(27) Humongous regions: 148->148
[2025-11-10T14:26:37.636+0900][gc,metaspace] GC(27) Metaspace: 49568K(50688K)->49568K(50688K) NonClass: 43869K(44480K)->43869K(44480K) Class: 5699K(6208K)->5699K(6208K)
[2025-11-10T14:26:37.636+0900][gc          ] GC(27) Pause Young (Normal) (G1 Evacuation Pause) 230M->185M(1024M) 25.649ms
[2025-11-10T14:26:37.637+0900][gc,cpu      ] GC(27) User=0.02s Sys=0.09s Real=0.02s
[2025-11-10T14:31:57.702+0900][gc,start    ] GC(28) Pause Young (Normal) (G1 Evacuation Pause)
[2025-11-10T14:31:57.703+0900][gc,task     ] GC(28) Using 8 workers of 8 for evacuation
[2025-11-10T14:31:57.713+0900][gc,phases   ] GC(28)   Pre Evacuate Collection Set: 0.7ms
[2025-11-10T14:31:57.713+0900][gc,phases   ] GC(28)   Merge Heap Roots: 0.2ms
[2025-11-10T14:31:57.713+0900][gc,phases   ] GC(28)   Evacuate Collection Set: 8.8ms
[2025-11-10T14:31:57.713+0900][gc,phases   ] GC(28)   Post Evacuate Collection Set: 0.3ms
[2025-11-10T14:31:57.713+0900][gc,phases   ] GC(28)   Other: 0.1ms
[2025-11-10T14:31:57.713+0900][gc,heap     ] GC(28) Eden regions: 47->0(47)
[2025-11-10T14:31:57.713+0900][gc,heap     ] GC(28) Survivor regions: 4->4(7)
[2025-11-10T14:31:57.713+0900][gc,heap     ] GC(28) Old regions: 34->34
[2025-11-10T14:31:57.713+0900][gc,heap     ] GC(28) Humongous regions: 148->148
[2025-11-10T14:31:57.713+0900][gc,metaspace] GC(28) Metaspace: 49654K(50752K)->49654K(50752K) NonClass: 43954K(44544K)->43954K(44544K) Class: 5699K(6208K)->5699K(6208K)
[2025-11-10T14:31:57.713+0900][gc          ] GC(28) Pause Young (Normal) (G1 Evacuation Pause) 232M->185M(1024M) 11.041ms
[2025-11-10T14:31:57.713+0900][gc,cpu      ] GC(28) User=0.02s Sys=0.04s Real=0.01s
[2025-11-10T14:37:16.305+0900][gc,start    ] GC(29) Pause Young (Normal) (G1 Evacuation Pause)
[2025-11-10T14:37:16.306+0900][gc,task     ] GC(29) Using 8 workers of 8 for evacuation
[2025-11-10T14:37:16.324+0900][gc,phases   ] GC(29)   Pre Evacuate Collection Set: 1.6ms
[2025-11-10T14:37:16.324+0900][gc,phases   ] GC(29)   Merge Heap Roots: 0.3ms
[2025-11-10T14:37:16.324+0900][gc,phases   ] GC(29)   Evacuate Collection Set: 14.8ms
[2025-11-10T14:37:16.324+0900][gc,phases   ] GC(29)   Post Evacuate Collection Set: 0.6ms
[2025-11-10T14:37:16.324+0900][gc,phases   ] GC(29)   Other: 0.3ms
[2025-11-10T14:37:16.324+0900][gc,heap     ] GC(29) Eden regions: 47->0(52)
[2025-11-10T14:37:16.324+0900][gc,heap     ] GC(29) Survivor regions: 4->4(7)
[2025-11-10T14:37:16.324+0900][gc,heap     ] GC(29) Old regions: 34->35
[2025-11-10T14:37:16.324+0900][gc,heap     ] GC(29) Humongous regions: 148->148
[2025-11-10T14:37:16.324+0900][gc,metaspace] GC(29) Metaspace: 49689K(50880K)->49689K(50880K) NonClass: 43989K(44672K)->43989K(44672K) Class: 5699K(6208K)->5699K(6208K)
[2025-11-10T14:37:16.324+0900][gc          ] GC(29) Pause Young (Normal) (G1 Evacuation Pause) 232M->186M(1024M) 18.961ms
[2025-11-10T14:37:16.324+0900][gc,cpu      ] GC(29) User=0.02s Sys=0.04s Real=0.02s
[2025-11-10T14:42:58.889+0900][gc,start    ] GC(30) Pause Young (Normal) (G1 Evacuation Pause)
[2025-11-10T14:42:58.889+0900][gc,task     ] GC(30) Using 8 workers of 8 for evacuation
[2025-11-10T14:42:58.898+0900][gc,phases   ] GC(30)   Pre Evacuate Collection Set: 0.7ms
[2025-11-10T14:42:58.898+0900][gc,phases   ] GC(30)   Merge Heap Roots: 0.1ms
[2025-11-10T14:42:58.898+0900][gc,phases   ] GC(30)   Evacuate Collection Set: 7.9ms
[2025-11-10T14:42:58.898+0900][gc,phases   ] GC(30)   Post Evacuate Collection Set: 0.3ms
[2025-11-10T14:42:58.898+0900][gc,phases   ] GC(30)   Other: 0.1ms
[2025-11-10T14:42:58.898+0900][gc,heap     ] GC(30) Eden regions: 65->0(66)
[2025-11-10T14:42:58.898+0900][gc,heap     ] GC(30) Survivor regions: 4->4(9)
[2025-11-10T14:42:58.898+0900][gc,heap     ] GC(30) Old regions: 35->35
[2025-11-10T14:42:58.898+0900][gc,heap     ] GC(30) Humongous regions: 148->148
[2025-11-10T14:42:58.898+0900][gc,metaspace] GC(30) Metaspace: 49809K(50944K)->49809K(50944K) NonClass: 44110K(44736K)->44110K(44736K) Class: 5699K(6208K)->5699K(6208K)
[2025-11-10T14:42:58.898+0900][gc          ] GC(30) Pause Young (Normal) (G1 Evacuation Pause) 251M->186M(1024M) 9.455ms
[2025-11-10T14:42:58.898+0900][gc,cpu      ] GC(30) User=0.02s Sys=0.03s Real=0.01s
[2025-11-10T14:48:56.519+0900][gc,start    ] GC(31) Pause Young (Normal) (G1 Evacuation Pause)
[2025-11-10T14:48:56.520+0900][gc,task     ] GC(31) Using 8 workers of 8 for evacuation
[2025-11-10T14:48:56.530+0900][gc,phases   ] GC(31)   Pre Evacuate Collection Set: 1.3ms
[2025-11-10T14:48:56.530+0900][gc,phases   ] GC(31)   Merge Heap Roots: 0.2ms
[2025-11-10T14:48:56.530+0900][gc,phases   ] GC(31)   Evacuate Collection Set: 8.4ms
[2025-11-10T14:48:56.531+0900][gc,phases   ] GC(31)   Post Evacuate Collection Set: 0.5ms
[2025-11-10T14:48:56.531+0900][gc,phases   ] GC(31)   Other: 0.2ms
[2025-11-10T14:48:56.531+0900][gc,heap     ] GC(31) Eden regions: 69->0(70)
[2025-11-10T14:48:56.531+0900][gc,heap     ] GC(31) Survivor regions: 4->5(10)
[2025-11-10T14:48:56.531+0900][gc,heap     ] GC(31) Old regions: 35->35
[2025-11-10T14:48:56.531+0900][gc,heap     ] GC(31) Humongous regions: 148->148
[2025-11-10T14:48:56.531+0900][gc,metaspace] GC(31) Metaspace: 49851K(51008K)->49851K(51008K) NonClass: 44151K(44800K)->44151K(44800K) Class: 5700K(6208K)->5700K(6208K)
[2025-11-10T14:48:56.531+0900][gc          ] GC(31) Pause Young (Normal) (G1 Evacuation Pause) 255M->187M(1024M) 12.128ms
[2025-11-10T14:48:56.531+0900][gc,cpu      ] GC(31) User=0.02s Sys=0.02s Real=0.02s
[2025-11-10T14:56:38.332+0900][gc,start    ] GC(32) Pause Young (Normal) (G1 Evacuation Pause)
[2025-11-10T14:56:38.333+0900][gc,task     ] GC(32) Using 8 workers of 8 for evacuation
[2025-11-10T14:56:38.342+0900][gc,phases   ] GC(32)   Pre Evacuate Collection Set: 0.7ms
[2025-11-10T14:56:38.342+0900][gc,phases   ] GC(32)   Merge Heap Roots: 0.1ms
[2025-11-10T14:56:38.342+0900][gc,phases   ] GC(32)   Evacuate Collection Set: 8.3ms
[2025-11-10T14:56:38.342+0900][gc,phases   ] GC(32)   Post Evacuate Collection Set: 0.3ms
[2025-11-10T14:56:38.342+0900][gc,phases   ] GC(32)   Other: 0.1ms
[2025-11-10T14:56:38.342+0900][gc,heap     ] GC(32) Eden regions: 73->0(70)
[2025-11-10T14:56:38.342+0900][gc,heap     ] GC(32) Survivor regions: 5->6(10)
[2025-11-10T14:56:38.342+0900][gc,heap     ] GC(32) Old regions: 35->35
[2025-11-10T14:56:38.342+0900][gc,heap     ] GC(32) Humongous regions: 148->148
[2025-11-10T14:56:38.342+0900][gc,metaspace] GC(32) Metaspace: 49852K(51008K)->49852K(51008K) NonClass: 44152K(44800K)->44152K(44800K) Class: 5700K(6208K)->5700K(6208K)
[2025-11-10T14:56:38.342+0900][gc          ] GC(32) Pause Young (Normal) (G1 Evacuation Pause) 260M->188M(1024M) 9.909ms
[2025-11-10T14:56:38.342+0900][gc,cpu      ] GC(32) User=0.01s Sys=0.04s Real=0.01s
[2025-11-10T15:05:05.982+0900][gc,start    ] GC(33) Pause Young (Normal) (G1 Evacuation Pause)
[2025-11-10T15:05:05.983+0900][gc,task     ] GC(33) Using 8 workers of 8 for evacuation
[2025-11-10T15:05:06.003+0900][gc,phases   ] GC(33)   Pre Evacuate Collection Set: 1.5ms
[2025-11-10T15:05:06.003+0900][gc,phases   ] GC(33)   Merge Heap Roots: 0.2ms
[2025-11-10T15:05:06.003+0900][gc,phases   ] GC(33)   Evacuate Collection Set: 16.6ms
[2025-11-10T15:05:06.003+0900][gc,phases   ] GC(33)   Post Evacuate Collection Set: 0.5ms
[2025-11-10T15:05:06.003+0900][gc,phases   ] GC(33)   Other: 0.3ms
[2025-11-10T15:05:06.003+0900][gc,heap     ] GC(33) Eden regions: 72->0(56)
[2025-11-10T15:05:06.003+0900][gc,heap     ] GC(33) Survivor regions: 6->6(10)
[2025-11-10T15:05:06.003+0900][gc,heap     ] GC(33) Old regions: 35->35
[2025-11-10T15:05:06.003+0900][gc,heap     ] GC(33) Humongous regions: 148->148
[2025-11-10T15:05:06.003+0900][gc,metaspace] GC(33) Metaspace: 49868K(51008K)->49868K(51008K) NonClass: 44168K(44800K)->44168K(44800K) Class: 5700K(6208K)->5700K(6208K)
[2025-11-10T15:05:06.003+0900][gc          ] GC(33) Pause Young (Normal) (G1 Evacuation Pause) 260M->188M(1024M) 20.660ms
[2025-11-10T15:05:06.003+0900][gc,cpu      ] GC(33) User=0.02s Sys=0.06s Real=0.02s
[2025-11-10T15:11:59.812+0900][gc,start    ] GC(34) Pause Young (Normal) (G1 Evacuation Pause)
[2025-11-10T15:11:59.812+0900][gc,task     ] GC(34) Using 8 workers of 8 for evacuation
[2025-11-10T15:11:59.828+0900][gc,phases   ] GC(34)   Pre Evacuate Collection Set: 1.0ms
[2025-11-10T15:11:59.828+0900][gc,phases   ] GC(34)   Merge Heap Roots: 0.1ms
[2025-11-10T15:11:59.828+0900][gc,phases   ] GC(34)   Evacuate Collection Set: 11.7ms
[2025-11-10T15:11:59.828+0900][gc,phases   ] GC(34)   Post Evacuate Collection Set: 0.3ms
[2025-11-10T15:11:59.828+0900][gc,phases   ] GC(34)   Other: 2.4ms
[2025-11-10T15:11:59.828+0900][gc,heap     ] GC(34) Eden regions: 59->0(105)
[2025-11-10T15:11:59.828+0900][gc,heap     ] GC(34) Survivor regions: 6->5(9)
[2025-11-10T15:11:59.828+0900][gc,heap     ] GC(34) Old regions: 35->36
[2025-11-10T15:11:59.828+0900][gc,heap     ] GC(34) Humongous regions: 148->148
[2025-11-10T15:11:59.828+0900][gc,metaspace] GC(34) Metaspace: 49870K(51008K)->49870K(51008K) NonClass: 44170K(44800K)->44170K(44800K) Class: 5700K(6208K)->5700K(6208K)
[2025-11-10T15:11:59.828+0900][gc          ] GC(34) Pause Young (Normal) (G1 Evacuation Pause) 247M->187M(1024M) 16.079ms
[2025-11-10T15:11:59.828+0900][gc,cpu      ] GC(34) User=0.02s Sys=0.05s Real=0.01s
[2025-11-10T15:28:20.369+0900][gc,start    ] GC(35) Pause Young (Normal) (G1 Evacuation Pause)
[2025-11-10T15:28:20.369+0900][gc,task     ] GC(35) Using 8 workers of 8 for evacuation
[2025-11-10T15:28:20.409+0900][gc,mmu      ] GC(35) MMU target violated: 21.0ms (20.0ms/21.0ms)
[2025-11-10T15:28:20.409+0900][gc,phases   ] GC(35)   Pre Evacuate Collection Set: 1.9ms
[2025-11-10T15:28:20.409+0900][gc,phases   ] GC(35)   Merge Heap Roots: 0.2ms
[2025-11-10T15:28:20.409+0900][gc,phases   ] GC(35)   Evacuate Collection Set: 36.1ms
[2025-11-10T15:28:20.409+0900][gc,phases   ] GC(35)   Post Evacuate Collection Set: 0.9ms
[2025-11-10T15:28:20.409+0900][gc,phases   ] GC(35)   Other: 0.4ms
[2025-11-10T15:28:20.409+0900][gc,heap     ] GC(35) Eden regions: 120->0(46)
[2025-11-10T15:28:20.409+0900][gc,heap     ] GC(35) Survivor regions: 5->5(16)
[2025-11-10T15:28:20.409+0900][gc,heap     ] GC(35) Old regions: 36->36
[2025-11-10T15:28:20.409+0900][gc,heap     ] GC(35) Humongous regions: 148->148
[2025-11-10T15:28:20.409+0900][gc,metaspace] GC(35) Metaspace: 49911K(51008K)->49911K(51008K) NonClass: 44209K(44800K)->44209K(44800K) Class: 5702K(6208K)->5702K(6208K)
[2025-11-10T15:28:20.409+0900][gc          ] GC(35) Pause Young (Normal) (G1 Evacuation Pause) 307M->188M(1024M) 40.118ms
[2025-11-10T15:28:20.409+0900][gc,cpu      ] GC(35) User=0.03s Sys=0.10s Real=0.04s
[2025-11-10T15:33:08.180+0900][gc,start    ] GC(36) Pause Young (Normal) (G1 Evacuation Pause)
[2025-11-10T15:33:08.181+0900][gc,task     ] GC(36) Using 8 workers of 8 for evacuation
[2025-11-10T15:33:08.187+0900][gc,phases   ] GC(36)   Pre Evacuate Collection Set: 0.5ms
[2025-11-10T15:33:08.187+0900][gc,phases   ] GC(36)   Merge Heap Roots: 0.1ms
[2025-11-10T15:33:08.187+0900][gc,phases   ] GC(36)   Evacuate Collection Set: 5.6ms
[2025-11-10T15:33:08.187+0900][gc,phases   ] GC(36)   Post Evacuate Collection Set: 0.3ms
[2025-11-10T15:33:08.187+0900][gc,phases   ] GC(36)   Other: 0.1ms
[2025-11-10T15:33:08.187+0900][gc,heap     ] GC(36) Eden regions: 46->0(45)
[2025-11-10T15:33:08.187+0900][gc,heap     ] GC(36) Survivor regions: 5->6(7)
[2025-11-10T15:33:08.187+0900][gc,heap     ] GC(36) Old regions: 36->37
[2025-11-10T15:33:08.187+0900][gc,heap     ] GC(36) Humongous regions: 148->148
[2025-11-10T15:33:08.187+0900][gc,metaspace] GC(36) Metaspace: 49932K(51072K)->49932K(51072K) NonClass: 44229K(44864K)->44229K(44864K) Class: 5702K(6208K)->5702K(6208K)
[2025-11-10T15:33:08.187+0900][gc          ] GC(36) Pause Young (Normal) (G1 Evacuation Pause) 234M->189M(1024M) 6.887ms
[2025-11-10T15:33:08.187+0900][gc,cpu      ] GC(36) User=0.01s Sys=0.02s Real=0.00s
[2025-11-10T15:37:10.329+0900][gc,start    ] GC(37) Pause Young (Normal) (G1 Evacuation Pause)
[2025-11-10T15:37:10.331+0900][gc,task     ] GC(37) Using 8 workers of 8 for evacuation
[2025-11-10T15:37:10.342+0900][gc,phases   ] GC(37)   Pre Evacuate Collection Set: 1.2ms
[2025-11-10T15:37:10.342+0900][gc,phases   ] GC(37)   Merge Heap Roots: 0.2ms
[2025-11-10T15:37:10.342+0900][gc,phases   ] GC(37)   Evacuate Collection Set: 9.4ms
[2025-11-10T15:37:10.342+0900][gc,phases   ] GC(37)   Post Evacuate Collection Set: 0.7ms
[2025-11-10T15:37:10.342+0900][gc,phases   ] GC(37)   Other: 0.2ms
[2025-11-10T15:37:10.342+0900][gc,heap     ] GC(37) Eden regions: 45->0(47)
[2025-11-10T15:37:10.342+0900][gc,heap     ] GC(37) Survivor regions: 6->4(7)
[2025-11-10T15:37:10.342+0900][gc,heap     ] GC(37) Old regions: 37->39
[2025-11-10T15:37:10.342+0900][gc,heap     ] GC(37) Humongous regions: 148->148
[2025-11-10T15:37:10.342+0900][gc,metaspace] GC(37) Metaspace: 49935K(51072K)->49935K(51072K) NonClass: 44233K(44864K)->44233K(44864K) Class: 5702K(6208K)->5702K(6208K)
[2025-11-10T15:37:10.343+0900][gc          ] GC(37) Pause Young (Normal) (G1 Evacuation Pause) 234M->189M(1024M) 13.178ms
[2025-11-10T15:37:10.343+0900][gc,cpu      ] GC(37) User=0.03s Sys=0.01s Real=0.02s
[2025-11-10T15:41:00.775+0900][gc,start    ] GC(38) Pause Young (Normal) (G1 Evacuation Pause)
[2025-11-10T15:41:00.776+0900][gc,task     ] GC(38) Using 8 workers of 8 for evacuation
[2025-11-10T15:41:00.791+0900][gc,phases   ] GC(38)   Pre Evacuate Collection Set: 1.6ms
[2025-11-10T15:41:00.791+0900][gc,phases   ] GC(38)   Merge Heap Roots: 0.2ms
[2025-11-10T15:41:00.791+0900][gc,phases   ] GC(38)   Evacuate Collection Set: 12.1ms
[2025-11-10T15:41:00.791+0900][gc,phases   ] GC(38)   Post Evacuate Collection Set: 0.6ms
[2025-11-10T15:41:00.791+0900][gc,phases   ] GC(38)   Other: 0.3ms
[2025-11-10T15:41:00.791+0900][gc,heap     ] GC(38) Eden regions: 47->0(46)
[2025-11-10T15:41:00.791+0900][gc,heap     ] GC(38) Survivor regions: 4->5(7)
[2025-11-10T15:41:00.791+0900][gc,heap     ] GC(38) Old regions: 39->39
[2025-11-10T15:41:00.791+0900][gc,heap     ] GC(38) Humongous regions: 148->148
[2025-11-10T15:41:00.791+0900][gc,metaspace] GC(38) Metaspace: 49937K(51072K)->49937K(51072K) NonClass: 44234K(44864K)->44234K(44864K) Class: 5702K(6208K)->5702K(6208K)
[2025-11-10T15:41:00.791+0900][gc          ] GC(38) Pause Young (Normal) (G1 Evacuation Pause) 236M->190M(1024M) 15.913ms
[2025-11-10T15:41:00.791+0900][gc,cpu      ] GC(38) User=0.02s Sys=0.05s Real=0.02s
[2025-11-10T15:44:40.079+0900][gc,start    ] GC(39) Pause Young (Normal) (G1 Evacuation Pause)
[2025-11-10T15:44:40.079+0900][gc,task     ] GC(39) Using 8 workers of 8 for evacuation
[2025-11-10T15:44:40.085+0900][gc,phases   ] GC(39)   Pre Evacuate Collection Set: 0.7ms
[2025-11-10T15:44:40.085+0900][gc,phases   ] GC(39)   Merge Heap Roots: 0.1ms
[2025-11-10T15:44:40.085+0900][gc,phases   ] GC(39)   Evacuate Collection Set: 4.9ms
[2025-11-10T15:44:40.085+0900][gc,phases   ] GC(39)   Post Evacuate Collection Set: 0.4ms
[2025-11-10T15:44:40.085+0900][gc,phases   ] GC(39)   Other: 0.1ms
[2025-11-10T15:44:40.085+0900][gc,heap     ] GC(39) Eden regions: 46->0(81)
[2025-11-10T15:44:40.085+0900][gc,heap     ] GC(39) Survivor regions: 5->4(7)
[2025-11-10T15:44:40.085+0900][gc,heap     ] GC(39) Old regions: 39->40
[2025-11-10T15:44:40.085+0900][gc,heap     ] GC(39) Humongous regions: 148->148
[2025-11-10T15:44:40.085+0900][gc,metaspace] GC(39) Metaspace: 49938K(51072K)->49938K(51072K) NonClass: 44236K(44864K)->44236K(44864K) Class: 5702K(6208K)->5702K(6208K)
[2025-11-10T15:44:40.085+0900][gc          ] GC(39) Pause Young (Normal) (G1 Evacuation Pause) 236M->190M(1024M) 6.549ms
[2025-11-10T15:44:40.085+0900][gc,cpu      ] GC(39) User=0.02s Sys=0.02s Real=0.01s
[2025-11-10T15:53:51.495+0900][gc,start    ] GC(40) Pause Young (Normal) (G1 Evacuation Pause)
[2025-11-10T15:53:51.496+0900][gc,task     ] GC(40) Using 8 workers of 8 for evacuation
[2025-11-10T15:53:51.506+0900][gc,phases   ] GC(40)   Pre Evacuate Collection Set: 1.0ms
[2025-11-10T15:53:51.506+0900][gc,phases   ] GC(40)   Merge Heap Roots: 0.2ms
[2025-11-10T15:53:51.506+0900][gc,phases   ] GC(40)   Evacuate Collection Set: 8.1ms
[2025-11-10T15:53:51.506+0900][gc,phases   ] GC(40)   Post Evacuate Collection Set: 0.6ms
[2025-11-10T15:53:51.506+0900][gc,phases   ] GC(40)   Other: 0.2ms
[2025-11-10T15:53:51.506+0900][gc,heap     ] GC(40) Eden regions: 83->0(82)
[2025-11-10T15:53:51.506+0900][gc,heap     ] GC(40) Survivor regions: 4->5(11)
[2025-11-10T15:53:51.506+0900][gc,heap     ] GC(40) Old regions: 40->40
[2025-11-10T15:53:51.506+0900][gc,heap     ] GC(40) Humongous regions: 148->148
[2025-11-10T15:53:51.506+0900][gc,metaspace] GC(40) Metaspace: 49951K(51072K)->49951K(51072K) NonClass: 44248K(44864K)->44248K(44864K) Class: 5702K(6208K)->5702K(6208K)
[2025-11-10T15:53:51.506+0900][gc          ] GC(40) Pause Young (Normal) (G1 Evacuation Pause) 273M->192M(1024M) 11.635ms
[2025-11-10T15:53:51.506+0900][gc,cpu      ] GC(40) User=0.03s Sys=0.02s Real=0.01s
[2025-11-10T16:07:02.540+0900][gc,start    ] GC(41) Pause Young (Normal) (G1 Evacuation Pause)
[2025-11-10T16:07:02.542+0900][gc,task     ] GC(41) Using 8 workers of 8 for evacuation
[2025-11-10T16:07:02.586+0900][gc,mmu      ] GC(41) MMU target violated: 21.0ms (20.0ms/21.0ms)
[2025-11-10T16:07:02.586+0900][gc,phases   ] GC(41)   Pre Evacuate Collection Set: 1.3ms
[2025-11-10T16:07:02.586+0900][gc,phases   ] GC(41)   Merge Heap Roots: 0.2ms
[2025-11-10T16:07:02.586+0900][gc,phases   ] GC(41)   Evacuate Collection Set: 41.8ms
[2025-11-10T16:07:02.586+0900][gc,phases   ] GC(41)   Post Evacuate Collection Set: 0.7ms
[2025-11-10T16:07:02.586+0900][gc,phases   ] GC(41)   Other: 0.3ms
[2025-11-10T16:07:02.586+0900][gc,heap     ] GC(41) Eden regions: 84->0(45)
[2025-11-10T16:07:02.586+0900][gc,heap     ] GC(41) Survivor regions: 5->6(12)
[2025-11-10T16:07:02.586+0900][gc,heap     ] GC(41) Old regions: 40->40
[2025-11-10T16:07:02.586+0900][gc,heap     ] GC(41) Humongous regions: 148->148
[2025-11-10T16:07:02.586+0900][gc,metaspace] GC(41) Metaspace: 49962K(51136K)->49962K(51136K) NonClass: 44259K(44928K)->44259K(44928K) Class: 5702K(6208K)->5702K(6208K)
[2025-11-10T16:07:02.586+0900][gc          ] GC(41) Pause Young (Normal) (G1 Evacuation Pause) 276M->193M(1024M) 45.542ms
[2025-11-10T16:07:02.586+0900][gc,cpu      ] GC(41) User=0.02s Sys=0.13s Real=0.04s
[2025-11-10T16:11:12.144+0900][gc,start    ] GC(42) Pause Young (Normal) (G1 Evacuation Pause)
[2025-11-10T16:11:12.144+0900][gc,task     ] GC(42) Using 8 workers of 8 for evacuation
[2025-11-10T16:11:12.158+0900][gc,phases   ] GC(42)   Pre Evacuate Collection Set: 0.6ms
[2025-11-10T16:11:12.158+0900][gc,phases   ] GC(42)   Merge Heap Roots: 0.1ms
[2025-11-10T16:11:12.158+0900][gc,phases   ] GC(42)   Evacuate Collection Set: 11.4ms
[2025-11-10T16:11:12.158+0900][gc,phases   ] GC(42)   Post Evacuate Collection Set: 1.4ms
[2025-11-10T16:11:12.158+0900][gc,phases   ] GC(42)   Other: 0.1ms
[2025-11-10T16:11:12.158+0900][gc,heap     ] GC(42) Eden regions: 45->0(46)
[2025-11-10T16:11:12.158+0900][gc,heap     ] GC(42) Survivor regions: 6->5(7)
[2025-11-10T16:11:12.158+0900][gc,heap     ] GC(42) Old regions: 40->42
[2025-11-10T16:11:12.158+0900][gc,heap     ] GC(42) Humongous regions: 148->148
[2025-11-10T16:11:12.158+0900][gc,metaspace] GC(42) Metaspace: 49971K(51136K)->49971K(51136K) NonClass: 44268K(44928K)->44268K(44928K) Class: 5702K(6208K)->5702K(6208K)
[2025-11-10T16:11:12.158+0900][gc          ] GC(42) Pause Young (Normal) (G1 Evacuation Pause) 238M->194M(1024M) 14.001ms
[2025-11-10T16:11:12.158+0900][gc,cpu      ] GC(42) User=0.02s Sys=0.03s Real=0.01s
[2025-11-10T16:15:22.716+0900][gc,start    ] GC(43) Pause Young (Normal) (G1 Evacuation Pause)
[2025-11-10T16:15:22.717+0900][gc,task     ] GC(43) Using 8 workers of 8 for evacuation
[2025-11-10T16:15:22.727+0900][gc,phases   ] GC(43)   Pre Evacuate Collection Set: 1.1ms
[2025-11-10T16:15:22.727+0900][gc,phases   ] GC(43)   Merge Heap Roots: 0.3ms
[2025-11-10T16:15:22.727+0900][gc,phases   ] GC(43)   Evacuate Collection Set: 8.0ms
[2025-11-10T16:15:22.727+0900][gc,phases   ] GC(43)   Post Evacuate Collection Set: 0.6ms
[2025-11-10T16:15:22.727+0900][gc,phases   ] GC(43)   Other: 0.2ms
[2025-11-10T16:15:22.727+0900][gc,heap     ] GC(43) Eden regions: 46->0(47)
[2025-11-10T16:15:22.727+0900][gc,heap     ] GC(43) Survivor regions: 5->4(7)
[2025-11-10T16:15:22.727+0900][gc,heap     ] GC(43) Old regions: 42->44
[2025-11-10T16:15:22.727+0900][gc,heap     ] GC(43) Humongous regions: 148->148
[2025-11-10T16:15:22.727+0900][gc,metaspace] GC(43) Metaspace: 49974K(51136K)->49974K(51136K) NonClass: 44271K(44928K)->44271K(44928K) Class: 5702K(6208K)->5702K(6208K)
[2025-11-10T16:15:22.727+0900][gc          ] GC(43) Pause Young (Normal) (G1 Evacuation Pause) 240M->195M(1024M) 11.382ms
[2025-11-10T16:15:22.727+0900][gc,cpu      ] GC(43) User=0.02s Sys=0.03s Real=0.01s
[2025-11-10T16:19:50.402+0900][gc,start    ] GC(44) Pause Young (Normal) (G1 Evacuation Pause)
[2025-11-10T16:19:50.403+0900][gc,task     ] GC(44) Using 8 workers of 8 for evacuation
[2025-11-10T16:19:50.418+0900][gc,phases   ] GC(44)   Pre Evacuate Collection Set: 1.4ms
[2025-11-10T16:19:50.418+0900][gc,phases   ] GC(44)   Merge Heap Roots: 0.2ms
[2025-11-10T16:19:50.418+0900][gc,phases   ] GC(44)   Evacuate Collection Set: 12.7ms
[2025-11-10T16:19:50.418+0900][gc,phases   ] GC(44)   Post Evacuate Collection Set: 0.5ms
[2025-11-10T16:19:50.418+0900][gc,phases   ] GC(44)   Other: 0.7ms
[2025-11-10T16:19:50.418+0900][gc,heap     ] GC(44) Eden regions: 47->0(44)
[2025-11-10T16:19:50.418+0900][gc,heap     ] GC(44) Survivor regions: 4->7(7)
[2025-11-10T16:19:50.418+0900][gc,heap     ] GC(44) Old regions: 44->44
[2025-11-10T16:19:50.418+0900][gc,heap     ] GC(44) Humongous regions: 148->148
[2025-11-10T16:19:50.418+0900][gc,metaspace] GC(44) Metaspace: 49999K(51200K)->49999K(51200K) NonClass: 44291K(44928K)->44291K(44928K) Class: 5708K(6272K)->5708K(6272K)
[2025-11-10T16:19:50.418+0900][gc          ] GC(44) Pause Young (Normal) (G1 Evacuation Pause) 242M->197M(1024M) 16.273ms
[2025-11-10T16:19:50.418+0900][gc,cpu      ] GC(44) User=0.02s Sys=0.04s Real=0.01s
[2025-11-10T16:24:01.649+0900][gc,start    ] GC(45) Pause Young (Normal) (G1 Evacuation Pause)
[2025-11-10T16:24:01.651+0900][gc,task     ] GC(45) Using 8 workers of 8 for evacuation
[2025-11-10T16:24:01.661+0900][gc,phases   ] GC(45)   Pre Evacuate Collection Set: 0.9ms
[2025-11-10T16:24:01.661+0900][gc,phases   ] GC(45)   Merge Heap Roots: 0.1ms
[2025-11-10T16:24:01.661+0900][gc,phases   ] GC(45)   Evacuate Collection Set: 7.6ms
[2025-11-10T16:24:01.661+0900][gc,phases   ] GC(45)   Post Evacuate Collection Set: 0.4ms
[2025-11-10T16:24:01.661+0900][gc,phases   ] GC(45)   Other: 1.3ms
[2025-11-10T16:24:01.661+0900][gc,heap     ] GC(45) Eden regions: 44->0(46)
[2025-11-10T16:24:01.661+0900][gc,heap     ] GC(45) Survivor regions: 7->5(7)
[2025-11-10T16:24:01.661+0900][gc,heap     ] GC(45) Old regions: 44->46
[2025-11-10T16:24:01.661+0900][gc,heap     ] GC(45) Humongous regions: 148->148
[2025-11-10T16:24:01.661+0900][gc,metaspace] GC(45) Metaspace: 50004K(51200K)->50004K(51200K) NonClass: 44295K(44928K)->44295K(44928K) Class: 5708K(6272K)->5708K(6272K)
[2025-11-10T16:24:01.661+0900][gc          ] GC(45) Pause Young (Normal) (G1 Evacuation Pause) 241M->198M(1024M) 11.739ms
[2025-11-10T16:24:01.661+0900][gc,cpu      ] GC(45) User=0.02s Sys=0.02s Real=0.02s
[2025-11-10T16:28:10.201+0900][gc,start    ] GC(46) Pause Young (Normal) (G1 Evacuation Pause)
[2025-11-10T16:28:10.201+0900][gc,task     ] GC(46) Using 8 workers of 8 for evacuation
[2025-11-10T16:28:10.230+0900][gc,mmu      ] GC(46) MMU target violated: 21.0ms (20.0ms/21.0ms)
[2025-11-10T16:28:10.230+0900][gc,phases   ] GC(46)   Pre Evacuate Collection Set: 1.1ms
[2025-11-10T16:28:10.230+0900][gc,phases   ] GC(46)   Merge Heap Roots: 0.3ms
[2025-11-10T16:28:10.230+0900][gc,phases   ] GC(46)   Evacuate Collection Set: 26.2ms
[2025-11-10T16:28:10.230+0900][gc,phases   ] GC(46)   Post Evacuate Collection Set: 0.8ms
[2025-11-10T16:28:10.230+0900][gc,phases   ] GC(46)   Other: 0.2ms
[2025-11-10T16:28:10.230+0900][gc,heap     ] GC(46) Eden regions: 46->0(46)
[2025-11-10T16:28:10.230+0900][gc,heap     ] GC(46) Survivor regions: 5->5(7)
[2025-11-10T16:28:10.230+0900][gc,heap     ] GC(46) Old regions: 46->48
[2025-11-10T16:28:10.230+0900][gc,heap     ] GC(46) Humongous regions: 148->148
[2025-11-10T16:28:10.230+0900][gc,metaspace] GC(46) Metaspace: 50024K(51264K)->50024K(51264K) NonClass: 44315K(44992K)->44315K(44992K) Class: 5708K(6272K)->5708K(6272K)
[2025-11-10T16:28:10.230+0900][gc          ] GC(46) Pause Young (Normal) (G1 Evacuation Pause) 244M->200M(1024M) 29.388ms
[2025-11-10T16:28:10.230+0900][gc,cpu      ] GC(46) User=0.03s Sys=0.04s Real=0.03s
[2025-11-10T16:31:46.813+0900][gc,start    ] GC(47) Pause Young (Normal) (G1 Evacuation Pause)
[2025-11-10T16:31:46.814+0900][gc,task     ] GC(47) Using 8 workers of 8 for evacuation
[2025-11-10T16:31:46.820+0900][gc,phases   ] GC(47)   Pre Evacuate Collection Set: 0.6ms
[2025-11-10T16:31:46.820+0900][gc,phases   ] GC(47)   Merge Heap Roots: 0.1ms
[2025-11-10T16:31:46.820+0900][gc,phases   ] GC(47)   Evacuate Collection Set: 4.8ms
[2025-11-10T16:31:46.820+0900][gc,phases   ] GC(47)   Post Evacuate Collection Set: 0.3ms
[2025-11-10T16:31:46.820+0900][gc,phases   ] GC(47)   Other: 0.1ms
[2025-11-10T16:31:46.820+0900][gc,heap     ] GC(47) Eden regions: 46->0(44)
[2025-11-10T16:31:46.820+0900][gc,heap     ] GC(47) Survivor regions: 5->7(7)
[2025-11-10T16:31:46.820+0900][gc,heap     ] GC(47) Old regions: 48->49
[2025-11-10T16:31:46.820+0900][gc,heap     ] GC(47) Humongous regions: 148->148
[2025-11-10T16:31:46.820+0900][gc,metaspace] GC(47) Metaspace: 50029K(51264K)->50029K(51264K) NonClass: 44320K(44992K)->44320K(44992K) Class: 5708K(6272K)->5708K(6272K)
[2025-11-10T16:31:46.820+0900][gc          ] GC(47) Pause Young (Normal) (G1 Evacuation Pause) 246M->203M(1024M) 6.266ms
[2025-11-10T16:31:46.820+0900][gc,cpu      ] GC(47) User=0.02s Sys=0.01s Real=0.01s
[2025-11-10T16:36:58.417+0900][gc,start    ] GC(48) Pause Young (Normal) (G1 Evacuation Pause)
[2025-11-10T16:36:58.418+0900][gc,task     ] GC(48) Using 8 workers of 8 for evacuation
[2025-11-10T16:36:58.452+0900][gc,mmu      ] GC(48) MMU target violated: 21.0ms (20.0ms/21.0ms)
[2025-11-10T16:36:58.452+0900][gc,phases   ] GC(48)   Pre Evacuate Collection Set: 2.0ms
[2025-11-10T16:36:58.452+0900][gc,phases   ] GC(48)   Merge Heap Roots: 0.6ms
[2025-11-10T16:36:58.452+0900][gc,phases   ] GC(48)   Evacuate Collection Set: 28.7ms
[2025-11-10T16:36:58.452+0900][gc,phases   ] GC(48)   Post Evacuate Collection Set: 0.9ms
[2025-11-10T16:36:58.452+0900][gc,phases   ] GC(48)   Other: 2.1ms
[2025-11-10T16:36:58.452+0900][gc,heap     ] GC(48) Eden regions: 44->0(49)
[2025-11-10T16:36:58.452+0900][gc,heap     ] GC(48) Survivor regions: 7->2(7)
[2025-11-10T16:36:58.452+0900][gc,heap     ] GC(48) Old regions: 49->55
[2025-11-10T16:36:58.452+0900][gc,heap     ] GC(48) Humongous regions: 148->148
[2025-11-10T16:36:58.452+0900][gc,metaspace] GC(48) Metaspace: 50048K(51264K)->50048K(51264K) NonClass: 44339K(44992K)->44339K(44992K) Class: 5708K(6272K)->5708K(6272K)
[2025-11-10T16:36:58.452+0900][gc          ] GC(48) Pause Young (Normal) (G1 Evacuation Pause) 247M->204M(1024M) 35.078ms
[2025-11-10T16:36:58.452+0900][gc,cpu      ] GC(48) User=0.03s Sys=0.08s Real=0.04s
[2025-11-10T16:44:43.032+0900][gc,start    ] GC(49) Pause Young (Normal) (G1 Evacuation Pause)
[2025-11-10T16:44:43.033+0900][gc,task     ] GC(49) Using 8 workers of 8 for evacuation
[2025-11-10T16:44:43.050+0900][gc,phases   ] GC(49)   Pre Evacuate Collection Set: 1.6ms
[2025-11-10T16:44:43.050+0900][gc,phases   ] GC(49)   Merge Heap Roots: 0.2ms
[2025-11-10T16:44:43.050+0900][gc,phases   ] GC(49)   Evacuate Collection Set: 14.0ms
[2025-11-10T16:44:43.050+0900][gc,phases   ] GC(49)   Post Evacuate Collection Set: 0.5ms
[2025-11-10T16:44:43.050+0900][gc,phases   ] GC(49)   Other: 0.2ms
[2025-11-10T16:44:43.050+0900][gc,heap     ] GC(49) Eden regions: 50->0(49)
[2025-11-10T16:44:43.050+0900][gc,heap     ] GC(49) Survivor regions: 2->2(7)
[2025-11-10T16:44:43.050+0900][gc,heap     ] GC(49) Old regions: 55->55
[2025-11-10T16:44:43.050+0900][gc,heap     ] GC(49) Humongous regions: 148->148
[2025-11-10T16:44:43.050+0900][gc,metaspace] GC(49) Metaspace: 50050K(51264K)->50050K(51264K) NonClass: 44341K(44992K)->44341K(44992K) Class: 5708K(6272K)->5708K(6272K)
[2025-11-10T16:44:43.050+0900][gc          ] GC(49) Pause Young (Normal) (G1 Evacuation Pause) 254M->204M(1024M) 17.679ms
[2025-11-10T16:44:43.050+0900][gc,cpu      ] GC(49) User=0.01s Sys=0.04s Real=0.02s
[2025-11-10T16:52:24.116+0900][gc,start    ] GC(50) Pause Young (Normal) (G1 Evacuation Pause)
[2025-11-10T16:52:24.118+0900][gc,task     ] GC(50) Using 8 workers of 8 for evacuation
[2025-11-10T16:52:24.133+0900][gc,phases   ] GC(50)   Pre Evacuate Collection Set: 1.7ms
[2025-11-10T16:52:24.133+0900][gc,phases   ] GC(50)   Merge Heap Roots: 0.2ms
[2025-11-10T16:52:24.133+0900][gc,phases   ] GC(50)   Evacuate Collection Set: 12.9ms
[2025-11-10T16:52:24.133+0900][gc,phases   ] GC(50)   Post Evacuate Collection Set: 0.8ms
[2025-11-10T16:52:24.133+0900][gc,phases   ] GC(50)   Other: 0.3ms
[2025-11-10T16:52:24.133+0900][gc,heap     ] GC(50) Eden regions: 49->0(48)
[2025-11-10T16:52:24.133+0900][gc,heap     ] GC(50) Survivor regions: 2->3(7)
[2025-11-10T16:52:24.133+0900][gc,heap     ] GC(50) Old regions: 55->55
[2025-11-10T16:52:24.133+0900][gc,heap     ] GC(50) Humongous regions: 148->148
[2025-11-10T16:52:24.133+0900][gc,metaspace] GC(50) Metaspace: 50050K(51264K)->50050K(51264K) NonClass: 44341K(44992K)->44341K(44992K) Class: 5708K(6272K)->5708K(6272K)
[2025-11-10T16:52:24.133+0900][gc          ] GC(50) Pause Young (Normal) (G1 Evacuation Pause) 253M->205M(1024M) 17.323ms
[2025-11-10T16:52:24.134+0900][gc,cpu      ] GC(50) User=0.01s Sys=0.04s Real=0.02s
[2025-11-10T16:59:54.824+0900][gc,start    ] GC(51) Pause Young (Normal) (G1 Evacuation Pause)
[2025-11-10T16:59:54.824+0900][gc,task     ] GC(51) Using 8 workers of 8 for evacuation
[2025-11-10T16:59:54.844+0900][gc,phases   ] GC(51)   Pre Evacuate Collection Set: 1.4ms
[2025-11-10T16:59:54.844+0900][gc,phases   ] GC(51)   Merge Heap Roots: 0.2ms
[2025-11-10T16:59:54.844+0900][gc,phases   ] GC(51)   Evacuate Collection Set: 16.1ms
[2025-11-10T16:59:54.844+0900][gc,phases   ] GC(51)   Post Evacuate Collection Set: 0.7ms
[2025-11-10T16:59:54.844+0900][gc,phases   ] GC(51)   Other: 1.5ms
[2025-11-10T16:59:54.844+0900][gc,heap     ] GC(51) Eden regions: 48->0(47)
[2025-11-10T16:59:54.844+0900][gc,heap     ] GC(51) Survivor regions: 3->4(7)
[2025-11-10T16:59:54.844+0900][gc,heap     ] GC(51) Old regions: 55->55
[2025-11-10T16:59:54.844+0900][gc,heap     ] GC(51) Humongous regions: 148->148
[2025-11-10T16:59:54.844+0900][gc,metaspace] GC(51) Metaspace: 50056K(51264K)->50056K(51264K) NonClass: 44347K(44992K)->44347K(44992K) Class: 5708K(6272K)->5708K(6272K)
[2025-11-10T16:59:54.844+0900][gc          ] GC(51) Pause Young (Normal) (G1 Evacuation Pause) 253M->206M(1024M) 20.490ms
[2025-11-10T16:59:54.844+0900][gc,cpu      ] GC(51) User=0.02s Sys=0.08s Real=0.02s
[2025-11-10T17:07:13.671+0900][gc,start    ] GC(52) Pause Young (Normal) (G1 Evacuation Pause)
[2025-11-10T17:07:13.672+0900][gc,task     ] GC(52) Using 8 workers of 8 for evacuation
[2025-11-10T17:07:13.687+0900][gc,phases   ] GC(52)   Pre Evacuate Collection Set: 1.4ms
[2025-11-10T17:07:13.687+0900][gc,phases   ] GC(52)   Merge Heap Roots: 0.1ms
[2025-11-10T17:07:13.687+0900][gc,phases   ] GC(52)   Evacuate Collection Set: 12.5ms
[2025-11-10T17:07:13.687+0900][gc,phases   ] GC(52)   Post Evacuate Collection Set: 0.7ms
[2025-11-10T17:07:13.687+0900][gc,phases   ] GC(52)   Other: 0.3ms
[2025-11-10T17:07:13.687+0900][gc,heap     ] GC(52) Eden regions: 47->0(47)
[2025-11-10T17:07:13.687+0900][gc,heap     ] GC(52) Survivor regions: 4->4(7)
[2025-11-10T17:07:13.687+0900][gc,heap     ] GC(52) Old regions: 55->55
[2025-11-10T17:07:13.687+0900][gc,heap     ] GC(52) Humongous regions: 148->148
[2025-11-10T17:07:13.687+0900][gc,metaspace] GC(52) Metaspace: 50056K(51264K)->50056K(51264K) NonClass: 44348K(44992K)->44348K(44992K) Class: 5708K(6272K)->5708K(6272K)
[2025-11-10T17:07:13.687+0900][gc          ] GC(52) Pause Young (Normal) (G1 Evacuation Pause) 253M->206M(1024M) 16.048ms
[2025-11-10T17:07:13.687+0900][gc,cpu      ] GC(52) User=0.02s Sys=0.03s Real=0.01s
[2025-11-10T17:14:34.930+0900][gc,start    ] GC(53) Pause Young (Normal) (G1 Evacuation Pause)
[2025-11-10T17:14:34.937+0900][gc,task     ] GC(53) Using 8 workers of 8 for evacuation
[2025-11-10T17:14:34.958+0900][gc,mmu      ] GC(53) MMU target violated: 21.0ms (20.0ms/21.0ms)
[2025-11-10T17:14:34.958+0900][gc,phases   ] GC(53)   Pre Evacuate Collection Set: 6.5ms
[2025-11-10T17:14:34.958+0900][gc,phases   ] GC(53)   Merge Heap Roots: 0.4ms
[2025-11-10T17:14:34.958+0900][gc,phases   ] GC(53)   Evacuate Collection Set: 14.1ms
[2025-11-10T17:14:34.958+0900][gc,phases   ] GC(53)   Post Evacuate Collection Set: 0.6ms
[2025-11-10T17:14:34.959+0900][gc,phases   ] GC(53)   Other: 5.1ms
[2025-11-10T17:14:34.959+0900][gc,heap     ] GC(53) Eden regions: 47->0(47)
[2025-11-10T17:14:34.959+0900][gc,heap     ] GC(53) Survivor regions: 4->4(7)
[2025-11-10T17:14:34.959+0900][gc,heap     ] GC(53) Old regions: 55->56
[2025-11-10T17:14:34.959+0900][gc,heap     ] GC(53) Humongous regions: 148->148
[2025-11-10T17:14:34.959+0900][gc,metaspace] GC(53) Metaspace: 50057K(51264K)->50057K(51264K) NonClass: 44348K(44992K)->44348K(44992K) Class: 5708K(6272K)->5708K(6272K)
[2025-11-10T17:14:34.959+0900][gc          ] GC(53) Pause Young (Normal) (G1 Evacuation Pause) 253M->207M(1024M) 28.263ms
[2025-11-10T17:14:34.959+0900][gc,cpu      ] GC(53) User=0.02s Sys=0.04s Real=0.02s
[2025-11-10T17:21:41.451+0900][gc,start    ] GC(54) Pause Young (Normal) (G1 Evacuation Pause)
[2025-11-10T17:21:41.453+0900][gc,task     ] GC(54) Using 8 workers of 8 for evacuation
[2025-11-10T17:21:41.477+0900][gc,mmu      ] GC(54) MMU target violated: 21.0ms (20.0ms/21.0ms)
[2025-11-10T17:21:41.478+0900][gc,phases   ] GC(54)   Pre Evacuate Collection Set: 1.6ms
[2025-11-10T17:21:41.478+0900][gc,phases   ] GC(54)   Merge Heap Roots: 0.2ms
[2025-11-10T17:21:41.478+0900][gc,phases   ] GC(54)   Evacuate Collection Set: 22.1ms
[2025-11-10T17:21:41.478+0900][gc,phases   ] GC(54)   Post Evacuate Collection Set: 0.7ms
[2025-11-10T17:21:41.478+0900][gc,phases   ] GC(54)   Other: 0.4ms
[2025-11-10T17:21:41.478+0900][gc,heap     ] GC(54) Eden regions: 47->0(45)
[2025-11-10T17:21:41.478+0900][gc,heap     ] GC(54) Survivor regions: 4->6(7)
[2025-11-10T17:21:41.478+0900][gc,heap     ] GC(54) Old regions: 56->56
[2025-11-10T17:21:41.478+0900][gc,heap     ] GC(54) Humongous regions: 148->148
[2025-11-10T17:21:41.478+0900][gc,metaspace] GC(54) Metaspace: 50073K(51264K)->50073K(51264K) NonClass: 44360K(44992K)->44360K(44992K) Class: 5712K(6272K)->5712K(6272K)
[2025-11-10T17:21:41.478+0900][gc          ] GC(54) Pause Young (Normal) (G1 Evacuation Pause) 254M->208M(1024M) 26.323ms
[2025-11-10T17:21:41.478+0900][gc,cpu      ] GC(54) User=0.02s Sys=0.08s Real=0.02s
[2025-11-10T17:28:42.489+0900][gc,start    ] GC(55) Pause Young (Normal) (G1 Evacuation Pause)
[2025-11-10T17:28:42.490+0900][gc,task     ] GC(55) Using 8 workers of 8 for evacuation
[2025-11-10T17:28:42.508+0900][gc,phases   ] GC(55)   Pre Evacuate Collection Set: 0.9ms
[2025-11-10T17:28:42.508+0900][gc,phases   ] GC(55)   Merge Heap Roots: 0.1ms
[2025-11-10T17:28:42.508+0900][gc,phases   ] GC(55)   Evacuate Collection Set: 14.9ms
[2025-11-10T17:28:42.508+0900][gc,phases   ] GC(55)   Post Evacuate Collection Set: 2.4ms
[2025-11-10T17:28:42.508+0900][gc,phases   ] GC(55)   Other: 0.2ms
[2025-11-10T17:28:42.508+0900][gc,heap     ] GC(55) Eden regions: 45->0(47)
[2025-11-10T17:28:42.508+0900][gc,heap     ] GC(55) Survivor regions: 6->4(7)
[2025-11-10T17:28:42.508+0900][gc,heap     ] GC(55) Old regions: 56->58
[2025-11-10T17:28:42.508+0900][gc,heap     ] GC(55) Humongous regions: 148->148
[2025-11-10T17:28:42.508+0900][gc,metaspace] GC(55) Metaspace: 50078K(51264K)->50078K(51264K) NonClass: 44365K(44992K)->44365K(44992K) Class: 5712K(6272K)->5712K(6272K)
[2025-11-10T17:28:42.508+0900][gc          ] GC(55) Pause Young (Normal) (G1 Evacuation Pause) 253M->208M(1024M) 19.514ms
[2025-11-10T17:28:42.508+0900][gc,cpu      ] GC(55) User=0.02s Sys=0.04s Real=0.02s
[2025-11-10T17:35:50.901+0900][gc,start    ] GC(56) Pause Young (Normal) (G1 Evacuation Pause)
[2025-11-10T17:35:50.902+0900][gc,task     ] GC(56) Using 8 workers of 8 for evacuation
[2025-11-10T17:35:50.916+0900][gc,phases   ] GC(56)   Pre Evacuate Collection Set: 0.9ms
[2025-11-10T17:35:50.916+0900][gc,phases   ] GC(56)   Merge Heap Roots: 0.1ms
[2025-11-10T17:35:50.916+0900][gc,phases   ] GC(56)   Evacuate Collection Set: 12.1ms
[2025-11-10T17:35:50.916+0900][gc,phases   ] GC(56)   Post Evacuate Collection Set: 0.4ms
[2025-11-10T17:35:50.916+0900][gc,phases   ] GC(56)   Other: 1.0ms
[2025-11-10T17:35:50.916+0900][gc,heap     ] GC(56) Eden regions: 47->0(46)
[2025-11-10T17:35:50.916+0900][gc,heap     ] GC(56) Survivor regions: 4->5(7)
[2025-11-10T17:35:50.916+0900][gc,heap     ] GC(56) Old regions: 58->58
[2025-11-10T17:35:50.916+0900][gc,heap     ] GC(56) Humongous regions: 148->148
[2025-11-10T17:35:50.916+0900][gc,metaspace] GC(56) Metaspace: 50088K(51264K)->50088K(51264K) NonClass: 44375K(44992K)->44375K(44992K) Class: 5712K(6272K)->5712K(6272K)
[2025-11-10T17:35:50.916+0900][gc          ] GC(56) Pause Young (Normal) (G1 Evacuation Pause) 255M->209M(1024M) 15.099ms
[2025-11-10T17:35:50.916+0900][gc,cpu      ] GC(56) User=0.01s Sys=0.05s Real=0.01s
[2025-11-10T17:43:00.331+0900][gc,start    ] GC(57) Pause Young (Normal) (G1 Evacuation Pause)
[2025-11-10T17:43:00.332+0900][gc,task     ] GC(57) Using 8 workers of 8 for evacuation
[2025-11-10T17:43:00.358+0900][gc,mmu      ] GC(57) MMU target violated: 21.0ms (20.0ms/21.0ms)
[2025-11-10T17:43:00.359+0900][gc,phases   ] GC(57)   Pre Evacuate Collection Set: 2.3ms
[2025-11-10T17:43:00.359+0900][gc,phases   ] GC(57)   Merge Heap Roots: 0.2ms
[2025-11-10T17:43:00.359+0900][gc,phases   ] GC(57)   Evacuate Collection Set: 22.7ms
[2025-11-10T17:43:00.359+0900][gc,phases   ] GC(57)   Post Evacuate Collection Set: 0.7ms
[2025-11-10T17:43:00.359+0900][gc,phases   ] GC(57)   Other: 0.3ms
[2025-11-10T17:43:00.359+0900][gc,heap     ] GC(57) Eden regions: 46->0(47)
[2025-11-10T17:43:00.359+0900][gc,heap     ] GC(57) Survivor regions: 5->4(7)
[2025-11-10T17:43:00.359+0900][gc,heap     ] GC(57) Old regions: 58->58
[2025-11-10T17:43:00.359+0900][gc,heap     ] GC(57) Humongous regions: 148->148
[2025-11-10T17:43:00.359+0900][gc,metaspace] GC(57) Metaspace: 50090K(51264K)->50090K(51264K) NonClass: 44377K(44992K)->44377K(44992K) Class: 5712K(6272K)->5712K(6272K)
[2025-11-10T17:43:00.359+0900][gc          ] GC(57) Pause Young (Normal) (G1 Evacuation Pause) 255M->209M(1024M) 28.070ms
[2025-11-10T17:43:00.359+0900][gc,cpu      ] GC(57) User=0.02s Sys=0.07s Real=0.02s
[2025-11-10T17:50:21.437+0900][gc,start    ] GC(58) Pause Young (Normal) (G1 Evacuation Pause)
[2025-11-10T17:50:21.438+0900][gc,task     ] GC(58) Using 8 workers of 8 for evacuation
[2025-11-10T17:50:21.458+0900][gc,phases   ] GC(58)   Pre Evacuate Collection Set: 1.5ms
[2025-11-10T17:50:21.458+0900][gc,phases   ] GC(58)   Merge Heap Roots: 0.2ms
[2025-11-10T17:50:21.458+0900][gc,phases   ] GC(58)   Evacuate Collection Set: 16.7ms
[2025-11-10T17:50:21.458+0900][gc,phases   ] GC(58)   Post Evacuate Collection Set: 1.1ms
[2025-11-10T17:50:21.458+0900][gc,phases   ] GC(58)   Other: 0.4ms
[2025-11-10T17:50:21.458+0900][gc,heap     ] GC(58) Eden regions: 47->0(47)
[2025-11-10T17:50:21.458+0900][gc,heap     ] GC(58) Survivor regions: 4->4(7)
[2025-11-10T17:50:21.458+0900][gc,heap     ] GC(58) Old regions: 58->58
[2025-11-10T17:50:21.458+0900][gc,heap     ] GC(58) Humongous regions: 148->148
[2025-11-10T17:50:21.458+0900][gc,metaspace] GC(58) Metaspace: 50091K(51264K)->50091K(51264K) NonClass: 44378K(44992K)->44378K(44992K) Class: 5712K(6272K)->5712K(6272K)
[2025-11-10T17:50:21.458+0900][gc          ] GC(58) Pause Young (Normal) (G1 Evacuation Pause) 256M->209M(1024M) 21.010ms
[2025-11-10T17:50:21.458+0900][gc,cpu      ] GC(58) User=0.02s Sys=0.05s Real=0.02s
