[2025-11-10T11:46:18.634+0900][gc,init] CardTable entry size: 512
[2025-11-10T11:46:18.634+0900][gc     ] Using G1
[2025-11-10T11:46:18.635+0900][gc,init] Version: 21.0.7 (release)
[2025-11-10T11:46:18.635+0900][gc,init] CPUs: 8 total, 8 available
[2025-11-10T11:46:18.635+0900][gc,init] Memory: 16384M
[2025-11-10T11:46:18.635+0900][gc,init] Large Page Support: Disabled
[2025-11-10T11:46:18.635+0900][gc,init] NUMA Support: Disabled
[2025-11-10T11:46:18.635+0900][gc,init] Compressed Oops: Enabled (Zero based)
[2025-11-10T11:46:18.635+0900][gc,init] Heap Region Size: 1M
[2025-11-10T11:46:18.635+0900][gc,init] Heap Min Capacity: 1G
[2025-11-10T11:46:18.635+0900][gc,init] Heap Initial Capacity: 1G
[2025-11-10T11:46:18.635+0900][gc,init] Heap Max Capacity: 1G
[2025-11-10T11:46:18.635+0900][gc,init] Pre-touch: Disabled
[2025-11-10T11:46:18.635+0900][gc,init] Parallel Workers: 8
[2025-11-10T11:46:18.635+0900][gc,init] Concurrent Workers: 2
[2025-11-10T11:46:18.636+0900][gc,init] Concurrent Refinement Workers: 8
[2025-11-10T11:46:18.636+0900][gc,init] Periodic GC: Disabled
[2025-11-10T11:46:18.639+0900][gc,metaspace] CDS archive(s) mapped at: [0x0000007000000000-0x0000007000c90000-0x0000007000c90000), size 13172736, SharedBaseAddress: 0x0000007000000000, ArchiveRelocationMode: 1.
[2025-11-10T11:46:18.639+0900][gc,metaspace] Compressed class space mapped at: 0x0000007001000000-0x0000007041000000, reserved size: 1073741824
[2025-11-10T11:46:18.639+0900][gc,metaspace] Narrow klass base: 0x0000007000000000, Narrow klass shift: 0, Narrow klass range: 0x100000000
[2025-11-10T11:46:19.001+0900][gc,start    ] GC(0) Pause Young (Normal) (G1 Evacuation Pause)
[2025-11-10T11:46:19.002+0900][gc,task     ] GC(0) Using 8 workers of 8 for evacuation
[2025-11-10T11:46:19.004+0900][gc,phases   ] GC(0)   Pre Evacuate Collection Set: 0.1ms
[2025-11-10T11:46:19.004+0900][gc,phases   ] GC(0)   Merge Heap Roots: 0.0ms
[2025-11-10T11:46:19.004+0900][gc,phases   ] GC(0)   Evacuate Collection Set: 1.8ms
[2025-11-10T11:46:19.004+0900][gc,phases   ] GC(0)   Post Evacuate Collection Set: 0.3ms
[2025-11-10T11:46:19.004+0900][gc,phases   ] GC(0)   Other: 0.2ms
[2025-11-10T11:46:19.004+0900][gc,heap     ] GC(0) Eden regions: 51->0(44)
[2025-11-10T11:46:19.004+0900][gc,heap     ] GC(0) Survivor regions: 0->7(7)
[2025-11-10T11:46:19.004+0900][gc,heap     ] GC(0) Old regions: 2->3
[2025-11-10T11:46:19.004+0900][gc,heap     ] GC(0) Humongous regions: 0->0
[2025-11-10T11:46:19.004+0900][gc,metaspace] GC(0) Metaspace: 13929K(14208K)->13929K(14208K) NonClass: 12397K(12544K)->12397K(12544K) Class: 1532K(1664K)->1532K(1664K)
[2025-11-10T11:46:19.005+0900][gc          ] GC(0) Pause Young (Normal) (G1 Evacuation Pause) 52M->8M(1024M) 3.112ms
[2025-11-10T11:46:19.005+0900][gc,cpu      ] GC(0) User=0.02s Sys=0.00s Real=0.00s
[2025-11-10T11:46:19.154+0900][gc,start    ] GC(1) Pause Young (Concurrent Start) (Metadata GC Threshold)
[2025-11-10T11:46:19.154+0900][gc,task     ] GC(1) Using 8 workers of 8 for evacuation
[2025-11-10T11:46:19.156+0900][gc,phases   ] GC(1)   Pre Evacuate Collection Set: 0.2ms
[2025-11-10T11:46:19.156+0900][gc,phases   ] GC(1)   Merge Heap Roots: 0.0ms
[2025-11-10T11:46:19.156+0900][gc,phases   ] GC(1)   Evacuate Collection Set: 2.1ms
[2025-11-10T11:46:19.156+0900][gc,phases   ] GC(1)   Post Evacuate Collection Set: 0.2ms
[2025-11-10T11:46:19.157+0900][gc,phases   ] GC(1)   Other: 0.1ms
[2025-11-10T11:46:19.157+0900][gc,heap     ] GC(1) Eden regions: 23->0(49)
[2025-11-10T11:46:19.157+0900][gc,heap     ] GC(1) Survivor regions: 7->2(7)
[2025-11-10T11:46:19.157+0900][gc,heap     ] GC(1) Old regions: 3->11
[2025-11-10T11:46:19.157+0900][gc,heap     ] GC(1) Humongous regions: 0->0
[2025-11-10T11:46:19.157+0900][gc,metaspace] GC(1) Metaspace: 21265K(21504K)->21265K(21504K) NonClass: 18712K(18816K)->18712K(18816K) Class: 2552K(2688K)->2552K(2688K)
[2025-11-10T11:46:19.157+0900][gc          ] GC(1) Pause Young (Concurrent Start) (Metadata GC Threshold) 31M->10M(1024M) 3.296ms
[2025-11-10T11:46:19.157+0900][gc          ] GC(2) Concurrent Mark Cycle
[2025-11-10T11:46:19.157+0900][gc,cpu      ] GC(1) User=0.01s Sys=0.01s Real=0.00s
[2025-11-10T11:46:19.157+0900][gc,marking  ] GC(2) Concurrent Scan Root Regions
[2025-11-10T11:46:19.159+0900][gc,marking  ] GC(2) Concurrent Scan Root Regions 1.585ms
[2025-11-10T11:46:19.159+0900][gc,marking  ] GC(2) Concurrent Mark
[2025-11-10T11:46:19.159+0900][gc,marking  ] GC(2) Concurrent Mark From Roots
[2025-11-10T11:46:19.159+0900][gc,task     ] GC(2) Using 2 workers of 2 for marking
[2025-11-10T11:46:19.160+0900][gc,marking  ] GC(2) Concurrent Mark From Roots 1.215ms
[2025-11-10T11:46:19.160+0900][gc,marking  ] GC(2) Concurrent Preclean
[2025-11-10T11:46:19.160+0900][gc,marking  ] GC(2) Concurrent Preclean 0.054ms
[2025-11-10T11:46:19.160+0900][gc,start    ] GC(2) Pause Remark
[2025-11-10T11:46:19.161+0900][gc          ] GC(2) Pause Remark 11M->11M(1024M) 0.984ms
[2025-11-10T11:46:19.161+0900][gc,cpu      ] GC(2) User=0.00s Sys=0.00s Real=0.00s
[2025-11-10T11:46:19.161+0900][gc,marking  ] GC(2) Concurrent Mark 2.629ms
[2025-11-10T11:46:19.161+0900][gc,marking  ] GC(2) Concurrent Rebuild Remembered Sets and Scrub Regions
[2025-11-10T11:46:19.163+0900][gc,marking  ] GC(2) Concurrent Rebuild Remembered Sets and Scrub Regions 1.325ms
[2025-11-10T11:46:19.163+0900][gc,start    ] GC(2) Pause Cleanup
[2025-11-10T11:46:19.163+0900][gc          ] GC(2) Pause Cleanup 11M->11M(1024M) 0.135ms
[2025-11-10T11:46:19.163+0900][gc,cpu      ] GC(2) User=0.00s Sys=0.00s Real=0.00s
[2025-11-10T11:46:19.163+0900][gc,marking  ] GC(2) Concurrent Clear Claimed Marks
[2025-11-10T11:46:19.163+0900][gc,marking  ] GC(2) Concurrent Clear Claimed Marks 0.055ms
[2025-11-10T11:46:19.163+0900][gc,marking  ] GC(2) Concurrent Cleanup for Next Mark
[2025-11-10T11:46:19.164+0900][gc,marking  ] GC(2) Concurrent Cleanup for Next Mark 1.277ms
[2025-11-10T11:46:19.164+0900][gc          ] GC(2) Concurrent Mark Cycle 7.544ms
[2025-11-10T11:46:19.478+0900][gc,start    ] GC(3) Pause Young (Prepare Mixed) (G1 Evacuation Pause)
[2025-11-10T11:46:19.478+0900][gc,task     ] GC(3) Using 8 workers of 8 for evacuation
[2025-11-10T11:46:19.481+0900][gc,phases   ] GC(3)   Pre Evacuate Collection Set: 0.1ms
[2025-11-10T11:46:19.481+0900][gc,phases   ] GC(3)   Merge Heap Roots: 0.1ms
[2025-11-10T11:46:19.481+0900][gc,phases   ] GC(3)   Evacuate Collection Set: 1.8ms
[2025-11-10T11:46:19.481+0900][gc,phases   ] GC(3)   Post Evacuate Collection Set: 0.2ms
[2025-11-10T11:46:19.481+0900][gc,phases   ] GC(3)   Other: 0.1ms
[2025-11-10T11:46:19.481+0900][gc,heap     ] GC(3) Eden regions: 49->0(44)
[2025-11-10T11:46:19.481+0900][gc,heap     ] GC(3) Survivor regions: 2->7(7)
[2025-11-10T11:46:19.481+0900][gc,heap     ] GC(3) Old regions: 11->11
[2025-11-10T11:46:19.481+0900][gc,heap     ] GC(3) Humongous regions: 9->9
[2025-11-10T11:46:19.481+0900][gc,metaspace] GC(3) Metaspace: 33667K(34176K)->33667K(34176K) NonClass: 29814K(30080K)->29814K(30080K) Class: 3853K(4096K)->3853K(4096K)
[2025-11-10T11:46:19.481+0900][gc          ] GC(3) Pause Young (Prepare Mixed) (G1 Evacuation Pause) 68M->24M(1024M) 2.926ms
[2025-11-10T11:46:19.481+0900][gc,cpu      ] GC(3) User=0.01s Sys=0.00s Real=0.01s
[2025-11-10T11:46:19.524+0900][gc,heap,exit] Heap
[2025-11-10T11:46:19.524+0900][gc,heap,exit]  garbage-first heap   total 1048576K, used 34193K [0x00000007c0000000, 0x0000000800000000)
[2025-11-10T11:46:19.524+0900][gc,heap,exit]   region size 1024K, 16 young (16384K), 7 survivors (7168K)
[2025-11-10T11:46:19.524+0900][gc,heap,exit]  Metaspace       used 35583K, committed 36096K, reserved 1114112K
[2025-11-10T11:46:19.524+0900][gc,heap,exit]   class space    used 4063K, committed 4288K, reserved 1048576K
